Component: ARM Compiler 5.06 update 6 (build 750) Tool: armlink [4d35ed]

==============================================================================

Section Cross References

    main.o(.text) refers to misc.o(.text) for NVIC_PriorityGroupConfig
    main.o(.text) refers to delay.o(.text) for delay_init
    main.o(.text) refers to usart.o(.text) for uart_init
    main.o(.text) refers to buttons.o(.text) for buttons_init
    main.o(.text) refers to lcd.o(.text) for LCD_Init
    main.o(.text) refers to usart2.o(.text) for Usart2_Init
    main.o(.text) refers to wifi.o(.text) for WiFi_ResetIO_Init
    main.o(.text) refers to millis.o(.text) for millis_init
    main.o(.text) refers to gui_log_console.o(.text) for console_log
    main.o(.text) refers to stm32f10x_gpio.o(.text) for GPIO_WriteBit
    main.o(.text) refers to memseta.o(.text) for __aeabi_memclr
    main.o(.text) refers to appconfig.o(.text) for appconfig_init
    main.o(.text) refers to led.o(.text) for led_init
    main.o(.text) refers to beep.o(.text) for buzzer_init
    main.o(.text) refers to alarm.o(.text) for alarm_init
    main.o(.text) refers to time.o(.text) for time_init
    main.o(.text) refers to pwrmgr.o(.text) for pwrmgr_init
    main.o(.text) refers to display.o(.text) for display_set
    main.o(.text) refers to mpu_task.o(.text) for mpu_updata
    main.o(.text) refers to stopwatch.o(.text) for stopwatch_update
    main.o(.text) refers to usart2.o(.bss) for Usart2_RxBuff
    main.o(.text) refers to wifi.o(.bss) for Data_buff
    main.o(.text) refers to millis.o(.data) for milliseconds
    main.o(.text) refers to lcd.o(.bss) for oledBuffer
    main.o(.text) refers to normal.o(.text) for watchface_normal
    system_stm32f10x.o(.text) refers to system_stm32f10x.o(.data) for .data
    led.o(.text) refers to stm32f10x_rcc.o(.text) for RCC_APB2PeriphClockCmd
    led.o(.text) refers to stm32f10x_gpio.o(.text) for GPIO_PinRemapConfig
    led.o(.text) refers to millis.o(.text) for millis_get
    led.o(.text) refers to pwrmgr.o(.text) for pwrmgr_setState
    led.o(.text) refers to led.o(.data) for .data
    lcd.o(.text) refers to oled_basic.o(.text) for InitGraph
    lcd.o(.text) refers to oled_driver.o(.text) for WriteCmd
    lcd.o(.text) refers to appconfig.o(.bss) for appConfig
    lcd.o(.text) refers to lcd.o(.bss) for .bss
    beep.o(.text) refers to stm32f10x_rcc.o(.text) for RCC_APB1PeriphClockCmd
    beep.o(.text) refers to stm32f10x_gpio.o(.text) for GPIO_Init
    beep.o(.text) refers to stm32f10x_tim.o(.text) for TIM_TimeBaseInit
    beep.o(.text) refers to millis.o(.text) for millis_get
    beep.o(.text) refers to beep.o(.data) for .data
    beep.o(.text) refers to appconfig.o(.bss) for appConfig
    yaogan.o(.text) refers to stm32f10x_rcc.o(.text) for RCC_AHBPeriphClockCmd
    yaogan.o(.text) refers to stm32f10x_dma.o(.text) for DMA_DeInit
    yaogan.o(.text) refers to stm32f10x_gpio.o(.text) for GPIO_Init
    yaogan.o(.text) refers to stm32f10x_adc.o(.text) for ADC_Init
    yaogan.o(.text) refers to dfltui.o(.text) for __aeabi_ui2d
    yaogan.o(.text) refers to dscalb.o(.text) for __ARM_scalbn
    yaogan.o(.text) refers to dmul.o(.text) for __aeabi_dmul
    yaogan.o(.text) refers to dfixui.o(.text) for __aeabi_d2uiz
    yaogan.o(.text) refers to printfa.o(i.__0printf) for __2printf
    yaogan.o(.text) refers to yaogan.o(.data) for .data
    inv_mpu.o(.text) refers to mpu6050.o(.text) for MPU_Write_Len
    inv_mpu.o(.text) refers to printfa.o(i.__0printf) for __2printf
    inv_mpu.o(.text) refers to delay.o(.text) for delay_ms
    inv_mpu.o(.text) refers to inv_mpu.o(.data) for .data
    inv_mpu.o(.text) refers to inv_mpu.o(.conststring) for .conststring
    inv_mpu.o(.text) refers to ffltui.o(.text) for __aeabi_ui2f
    inv_mpu.o(.text) refers to fflti.o(.text) for __aeabi_i2f
    inv_mpu.o(.text) refers to fadd.o(.text) for __aeabi_fsub
    inv_mpu.o(.text) refers to fdiv.o(.text) for __aeabi_fdiv
    inv_mpu.o(.text) refers to fscalb.o(.text) for __ARM_scalbnf
    inv_mpu.o(.text) refers to ffixi.o(.text) for __aeabi_f2iz
    inv_mpu.o(.text) refers to ldiv.o(.text) for __aeabi_ldivmod
    inv_mpu.o(.text) refers to memcmp.o(.text) for memcmp
    inv_mpu.o(.text) refers to fmul.o(.text) for __aeabi_fmul
    inv_mpu.o(.text) refers to inv_mpu_dmp_motion_driver.o(.text) for dmp_set_gyro_bias
    inv_mpu.o(.text) refers to mpuiic.o(.text) for MPU_IIC_Init
    inv_mpu.o(.text) refers to f2d.o(.text) for __aeabi_f2d
    inv_mpu.o(.text) refers to asin.o(i.asin) for asin
    inv_mpu.o(.text) refers to dmul.o(.text) for __aeabi_dmul
    inv_mpu.o(.text) refers to d2f.o(.text) for __aeabi_d2f
    inv_mpu.o(.text) refers to atan2.o(i.atan2) for atan2
    inv_mpu.o(.text) refers to cfrcmple.o(.text) for __aeabi_cfrcmple
    inv_mpu.o(.data) refers to inv_mpu.o(.constdata) for reg
    inv_mpu.o(.data) refers to inv_mpu.o(.constdata) for hw
[...]
    RCC_HSEConfig                            0x08003827   Thumb Code    48  stm32f10x_rcc.o(.text)
    RCC_GetFlagStatus                        0x08003857   Thumb Code    42  stm32f10x_rcc.o(.text)
    RCC_WaitForHSEStartUp                    0x08003881   Thumb Code    44  stm32f10x_rcc.o(.text)
    RCC_AdjustHSICalibrationValue            0x080038ad   Thumb Code    16  stm32f10x_rcc.o(.text)
    RCC_HSICmd                               0x080038bd   Thumb Code     6  stm32f10x_rcc.o(.text)
    RCC_PLLConfig                            0x080038c3   Thumb Code    16  stm32f10x_rcc.o(.text)
    RCC_PLLCmd                               0x080038d3   Thumb Code     6  stm32f10x_rcc.o(.text)
    RCC_SYSCLKConfig                         0x080038d9   Thumb Code    14  stm32f10x_rcc.o(.text)
    RCC_GetSYSCLKSource                      0x080038e7   Thumb Code    10  stm32f10x_rcc.o(.text)
    RCC_HCLKConfig                           0x080038f1   Thumb Code    14  stm32f10x_rcc.o(.text)
    RCC_PCLK1Config                          0x080038ff   Thumb Code    14  stm32f10x_rcc.o(.text)
    RCC_PCLK2Config                          0x0800390d   Thumb Code    16  stm32f10x_rcc.o(.text)
    RCC_ITConfig                             0x0800391d   Thumb Code    18  stm32f10x_rcc.o(.text)
    RCC_USBCLKConfig                         0x0800392f   Thumb Code     8  stm32f10x_rcc.o(.text)
    RCC_ADCCLKConfig                         0x08003937   Thumb Code    14  stm32f10x_rcc.o(.text)
    RCC_LSEConfig                            0x08003945   Thumb Code    28  stm32f10x_rcc.o(.text)
    RCC_LSICmd                               0x08003961   Thumb Code     6  stm32f10x_rcc.o(.text)
    RCC_RTCCLKConfig                         0x08003967   Thumb Code    10  stm32f10x_rcc.o(.text)
    RCC_RTCCLKCmd                            0x08003971   Thumb Code     8  stm32f10x_rcc.o(.text)
    RCC_GetClocksFreq                        0x08003979   Thumb Code   132  stm32f10x_rcc.o(.text)
    RCC_AHBPeriphClockCmd                    0x080039fd   Thumb Code    18  stm32f10x_rcc.o(.text)
    RCC_APB2PeriphClockCmd                   0x08003a0f   Thumb Code    18  stm32f10x_rcc.o(.text)
    RCC_APB1PeriphClockCmd                   0x08003a21   Thumb Code    18  stm32f10x_rcc.o(.text)
    RCC_APB2PeriphResetCmd                   0x08003a33   Thumb Code    18  stm32f10x_rcc.o(.text)
    RCC_APB1PeriphResetCmd                   0x08003a45   Thumb Code    18  stm32f10x_rcc.o(.text)
    RCC_BackupResetCmd                       0x08003a57   Thumb Code     8  stm32f10x_rcc.o(.text)
    RCC_ClockSecuritySystemCmd               0x08003a5f   Thumb Code     6  stm32f10x_rcc.o(.text)
    RCC_MCOConfig                            0x08003a65   Thumb Code     6  stm32f10x_rcc.o(.text)
    RCC_ClearFlag                            0x08003a6b   Thumb Code    12  stm32f10x_rcc.o(.text)
    RCC_GetITStatus                          0x08003a77   Thumb Code    16  stm32f10x_rcc.o(.text)
    RCC_ClearITPendingBit                    0x08003a87   Thumb Code     6  stm32f10x_rcc.o(.text)
    USART_DeInit                             0x08003aad   Thumb Code    96  stm32f10x_usart.o(.text)
    USART_Init                               0x08003b0d   Thumb Code   166  stm32f10x_usart.o(.text)
    USART_StructInit                         0x08003bb3   Thumb Code    22  stm32f10x_usart.o(.text)
    USART_ClockInit                          0x08003bc9   Thumb Code    30  stm32f10x_usart.o(.text)
    USART_ClockStructInit                    0x08003be7   Thumb Code    12  stm32f10x_usart.o(.text)
    USART_Cmd                                0x08003bf3   Thumb Code    20  stm32f10x_usart.o(.text)
    USART_ITConfig                           0x08003c07   Thumb Code    48  stm32f10x_usart.o(.text)
    USART_DMACmd                             0x08003c37   Thumb Code    16  stm32f10x_usart.o(.text)
    USART_SetAddress                         0x08003c47   Thumb Code    16  stm32f10x_usart.o(.text)
    USART_WakeUpConfig                       0x08003c57   Thumb Code    16  stm32f10x_usart.o(.text)
    USART_ReceiverWakeUpCmd                  0x08003c67   Thumb Code    20  stm32f10x_usart.o(.text)
    USART_LINBreakDetectLengthConfig         0x08003c7b   Thumb Code    16  stm32f10x_usart.o(.text)
    USART_LINCmd                             0x08003c8b   Thumb Code    20  stm32f10x_usart.o(.text)
    USART_SendData                           0x08003c9f   Thumb Code     8  stm32f10x_usart.o(.text)
    USART_ReceiveData                        0x08003ca7   Thumb Code     8  stm32f10x_usart.o(.text)
    USART_SendBreak                          0x08003caf   Thumb Code    10  stm32f10x_usart.o(.text)
    USART_SetGuardTime                       0x08003cb9   Thumb Code    16  stm32f10x_usart.o(.text)
    USART_SetPrescaler                       0x08003cc9   Thumb Code    16  stm32f10x_usart.o(.text)
    USART_SmartCardCmd                       0x08003cd9   Thumb Code    20  stm32f10x_usart.o(.text)
    USART_SmartCardNACKCmd                   0x08003ced   Thumb Code    20  stm32f10x_usart.o(.text)
    USART_HalfDuplexCmd                      0x08003d01   Thumb Code    20  stm32f10x_usart.o(.text)
    USART_OverSampling8Cmd                   0x08003d15   Thumb Code    20  stm32f10x_usart.o(.text)
    USART_OneBitMethodCmd                    0x08003d29   Thumb Code    20  stm32f10x_usart.o(.text)
    USART_IrDAConfig                         0x08003d3d   Thumb Code    16  stm32f10x_usart.o(.text)
    USART_IrDACmd                            0x08003d4d   Thumb Code    20  stm32f10x_usart.o(.text)
    USART_GetFlagStatus                      0x08003d61   Thumb Code    14  stm32f10x_usart.o(.text)
    USART_ClearFlag                          0x08003d6f   Thumb Code     6  stm32f10x_usart.o(.text)
    USART_GetITStatus                        0x08003d75   Thumb Code    62  stm32f10x_usart.o(.text)
    USART_ClearITPendingBit                  0x08003db3   Thumb Code    12  stm32f10x_usart.o(.text)
    NVIC_PriorityGroupConfig                 0x08003dd5   Thumb Code    10  misc.o(.text)
    NVIC_Init                                0x08003ddf   Thumb Code    94  misc.o(.text)
    NVIC_SetVectorTable                      0x08003e3d   Thumb Code    14  misc.o(.text)
    NVIC_SystemLPConfig                      0x08003e4b   Thumb Code    20  misc.o(.text)
    SysTick_CLKSourceConfig                  0x08003e5f   Thumb Code    24  misc.o(.text)
    TIM_DeInit                               0x08003e85   Thumb Code   304  stm32f10x_tim.o(.text)
    TIM_TimeBaseInit                         0x08003fb5   Thumb Code   114  stm32f10x_tim.o(.text)
    TIM_OC1Init                              0x08004027   Thumb Code   106  stm32f10x_tim.o(.text)
    TIM_OC2Init                              0x08004091   Thumb Code   120  stm32f10x_tim.o(.text)
    TIM_OC3Init                              0x08004109   Thumb Code   116  stm32f10x_tim.o(.text)
    TIM_OC4Init                              0x0800417d   Thumb Code    90  stm32f10x_tim.o(.text)
    TIM_SetIC4Prescaler                      0x080041d7   Thumb Code    24  stm32f10x_tim.o(.text)
    TIM_SetIC3Prescaler                      0x080041ef   Thumb Code    16  stm32f10x_tim.o(.text)
    TIM_SetIC2Prescaler                      0x080041ff   Thumb Code    24  stm32f10x_tim.o(.text)
    TIM_SetIC1Prescaler                      0x080042bd   Thumb Code    16  stm32f10x_tim.o(.text)
    TIM_ICInit                               0x08004325   Thumb Code   270  stm32f10x_tim.o(.text)
    TIM_PWMIConfig                           0x08004433   Thumb Code   104  stm32f10x_tim.o(.text)
    TIM_BDTRConfig                           0x0800449b   Thumb Code    34  stm32f10x_tim.o(.text)
    TIM_TimeBaseStructInit                   0x080044bd   Thumb Code    18  stm32f10x_tim.o(.text)
    TIM_OCStructInit                         0x080044cf   Thumb Code    20  stm32f10x_tim.o(.text)
    TIM_ICStructInit                         0x080044e3   Thumb Code    16  stm32f10x_tim.o(.text)
    TIM_BDTRStructInit                       0x080044f3   Thumb Code    18  stm32f10x_tim.o(.text)
    TIM_Cmd                                  0x08004505   Thumb Code    20  stm32f10x_tim.o(.text)
    TIM_CtrlPWMOutputs                       0x08004519   Thumb Code    22  stm32f10x_tim.o(.text)
    TIM_ITConfig                             0x0800452f   Thumb Code    16  stm32f10x_tim.o(.text)
    TIM_GenerateEvent                        0x0800453f   Thumb Code     4  stm32f10x_tim.o(.text)
    TIM_DMAConfig                            0x08004543   Thumb Code     8  stm32f10x_tim.o(.text)
    TIM_DMACmd                               0x0800454b   Thumb Code    16  stm32f10x_tim.o(.text)
    TIM_InternalClockConfig                  0x0800455b   Thumb Code    10  stm32f10x_tim.o(.text)
    TIM_SelectInputTrigger                   0x08004565   Thumb Code    12  stm32f10x_tim.o(.text)
    TIM_ITRxExternalClockConfig              0x08004571   Thumb Code    18  stm32f10x_tim.o(.text)
    TIM_TIxExternalClockConfig               0x08004583   Thumb Code    46  stm32f10x_tim.o(.text)
    TIM_ETRConfig                            0x080045b1   Thumb Code    24  stm32f10x_tim.o(.text)
    TIM_ETRClockMode1Config                  0x080045c9   Thumb Code    18  stm32f10x_tim.o(.text)
    TIM_ETRClockMode2Config                  0x080045db   Thumb Code    18  stm32f10x_tim.o(.text)
    TIM_PrescalerConfig                      0x080045ed   Thumb Code     6  stm32f10x_tim.o(.text)
    TIM_CounterModeConfig                    0x080045f3   Thumb Code    12  stm32f10x_tim.o(.text)
    TIM_EncoderInterfaceConfig               0x080045ff   Thumb Code    50  stm32f10x_tim.o(.text)
    TIM_ForcedOC1Config                      0x08004631   Thumb Code    12  stm32f10x_tim.o(.text)
    TIM_ForcedOC2Config                      0x0800463d   Thumb Code    20  stm32f10x_tim.o(.text)
    TIM_ForcedOC3Config                      0x08004651   Thumb Code    12  stm32f10x_tim.o(.text)
    TIM_ForcedOC4Config                      0x0800465d   Thumb Code    20  stm32f10x_tim.o(.text)
    TIM_ARRPreloadConfig                     0x08004671   Thumb Code    20  stm32f10x_tim.o(.text)
    TIM_SelectCOM                            0x08004685   Thumb Code    20  stm32f10x_tim.o(.text)
    TIM_SelectCCDMA                          0x08004699   Thumb Code    20  stm32f10x_tim.o(.text)
    TIM_CCPreloadControl                     0x080046ad   Thumb Code    20  stm32f10x_tim.o(.text)
    TIM_OC1PreloadConfig                     0x080046c1   Thumb Code    32  stm32f10x_tim.o(.text)
    TIM_OC2PreloadConfig                     0x080046e1   Thumb Code    20  stm32f10x_tim.o(.text)
    TIM_OC3PreloadConfig                     0x080046f5   Thumb Code    12  stm32f10x_tim.o(.text)
    TIM_OC4PreloadConfig                     0x08004701   Thumb Code    20  stm32f10x_tim.o(.text)
    TIM_OC1FastConfig                        0x08004715   Thumb Code    12  stm32f10x_tim.o(.text)
    TIM_OC2FastConfig                        0x08004721   Thumb Code    20  stm32f10x_tim.o(.text)
    TIM_OC3FastConfig                        0x08004735   Thumb Code    12  stm32f10x_tim.o(.text)
    TIM_OC4FastConfig                        0x08004741   Thumb Code    20  stm32f10x_tim.o(.text)
    TIM_ClearOC1Ref                          0x08004755   Thumb Code    12  stm32f10x_tim.o(.text)
    TIM_ClearOC2Ref                          0x08004761   Thumb Code    20  stm32f10x_tim.o(.text)
    TIM_ClearOC3Ref                          0x08004775   Thumb Code    12  stm32f10x_tim.o(.text)
    TIM_ClearOC4Ref                          0x08004781   Thumb Code    20  stm32f10x_tim.o(.text)
    TIM_OC1PolarityConfig                    0x08004795   Thumb Code    12  stm32f10x_tim.o(.text)
    TIM_OC1NPolarityConfig                   0x080047a1   Thumb Code    12  stm32f10x_tim.o(.text)
    TIM_OC2PolarityConfig                    0x080047ad   Thumb Code    20  stm32f10x_tim.o(.text)
    TIM_OC2NPolarityConfig                   0x080047c1   Thumb Code    20  stm32f10x_tim.o(.text)
    TIM_OC3PolarityConfig                    0x080047d5   Thumb Code    20  stm32f10x_tim.o(.text)
    TIM_OC3NPolarityConfig                   0x080047e9   Thumb Code    20  stm32f10x_tim.o(.text)
    TIM_OC4PolarityConfig                    0x080047fd   Thumb Code    20  stm32f10x_tim.o(.text)
    TIM_CCxCmd                               0x08004811   Thumb Code    22  stm32f10x_tim.o(.text)
    TIM_CCxNCmd                              0x08004827   Thumb Code    22  stm32f10x_tim.o(.text)
    TIM_SelectOCxM                           0x0800483d   Thumb Code    70  stm32f10x_tim.o(.text)
    TIM_UpdateDisableConfig                  0x08004883   Thumb Code    20  stm32f10x_tim.o(.text)
    TIM_UpdateRequestConfig                  0x08004897   Thumb Code    20  stm32f10x_tim.o(.text)
    TIM_SelectHallSensor                     0x080048ab   Thumb Code    20  stm32f10x_tim.o(.text)
    TIM_SelectOnePulseMode                   0x080048bf   Thumb Code    16  stm32f10x_tim.o(.text)
    TIM_SelectOutputTrigger                  0x080048cf   Thumb Code    16  stm32f10x_tim.o(.text)
    TIM_SelectSlaveMode                      0x080048df   Thumb Code    16  stm32f10x_tim.o(.text)
    TIM_SelectMasterSlaveMode                0x080048ef   Thumb Code    16  stm32f10x_tim.o(.text)
    TIM_SetCounter                           0x080048ff   Thumb Code     4  stm32f10x_tim.o(.text)
    TIM_SetAutoreload                        0x08004903   Thumb Code     4  stm32f10x_tim.o(.text)
    TIM_SetCompare1                          0x08004907   Thumb Code     4  stm32f10x_tim.o(.text)
    TIM_SetCompare2                          0x0800490b   Thumb Code     4  stm32f10x_tim.o(.text)
    TIM_SetCompare3                          0x0800490f   Thumb Code     4  stm32f10x_tim.o(.text)
    TIM_SetCompare4                          0x08004913   Thumb Code     6  stm32f10x_tim.o(.text)
    TIM_SetClockDivision                     0x08004919   Thumb Code    16  stm32f10x_tim.o(.text)
    TIM_GetCapture1                          0x08004929   Thumb Code     4  stm32f10x_tim.o(.text)
    TIM_GetCapture2                          0x0800492d   Thumb Code     4  stm32f10x_tim.o(.text)
    TIM_GetCapture3                          0x08004931   Thumb Code     4  stm32f10x_tim.o(.text)
    TIM_GetCapture4                          0x08004935   Thumb Code     6  stm32f10x_tim.o(.text)
    TIM_GetCounter                           0x0800493b   Thumb Code     4  stm32f10x_tim.o(.text)
    TIM_GetPrescaler                         0x0800493f   Thumb Code     4  stm32f10x_tim.o(.text)
    TIM_GetFlagStatus                        0x08004943   Thumb Code    14  stm32f10x_tim.o(.text)
    TIM_ClearFlag                            0x08004951   Thumb Code     6  stm32f10x_tim.o(.text)
    TIM_GetITStatus                          0x08004957   Thumb Code    24  stm32f10x_tim.o(.text)
    TIM_ClearITPendingBit                    0x0800496f   Thumb Code     6  stm32f10x_tim.o(.text)
    alarm_get                                0x08004975   Thumb Code    18  alarm.o(.text)
    alarm_init                               0x08004a21   Thumb Code     2  alarm.o(.text)
    alarm_reset                              0x08004a23   Thumb Code     8  alarm.o(.text)
    alarm_getNext                            0x08004a2b   Thumb Code    26  alarm.o(.text)
    alarm_getNextDay                         0x08004a45   Thumb Code     8  alarm.o(.text)
    alarm_save                               0x08004a4d   Thumb Code    18  alarm.o(.text)
    alarm_update                             0x08004ad7   Thumb Code   132  alarm.o(.text)
    alarm_updateNextAlarm                    0x08004b5b   Thumb Code     2  alarm.o(.text)
    mAlarmsOpen                              0x08004edb   Thumb Code    44  alarms.o(.text)
    animation_init                           0x08004ff1   Thumb Code    10  animation.o(.text)
    animation_update                         0x08004ffb   Thumb Code   120  animation.o(.text)
    animation_start                          0x08005073   Thumb Code    34  animation.o(.text)
    animation_active                         0x08005095   Thumb Code     6  animation.o(.text)
    animation_movingOn                       0x0800509b   Thumb Code    14  animation.o(.text)
    animation_offsetY                        0x080050a9   Thumb Code     6  animation.o(.text)
    appconfig_save                           0x080050b9   Thumb Code     2  appconfig.o(.text)
    appconfig_reset                          0x080050bb   Thumb Code    28  appconfig.o(.text)
    appconfig_init                           0x080050d7   Thumb Code     2  appconfig.o(.text)
    buttons_startup                          0x080050dd   Thumb Code    72  buttons.o(.text)
    buttons_init                             0x08005125   Thumb Code    22  buttons.o(.text)
    buttons_update                           0x0800513b   Thumb Code    92  buttons.o(.text)
    buttons_shutdown                         0x08005197   Thumb Code     2  buttons.o(.text)
    buttons_setFunc                          0x08005199   Thumb Code    12  buttons.o(.text)
    buttons_setFuncs                         0x080051a5   Thumb Code    10  buttons.o(.text)
    buttons_isActive                         0x080051af   Thumb Code    58  buttons.o(.text)
    buttons_wake                             0x080051e9   Thumb Code    44  buttons.o(.text)
    mDiagOpen                                0x08005363   Thumb Code    44  diag.o(.text)
    display_set                              0x0800541d   Thumb Code     6  display.o(.text)
    display_load                             0x08005423   Thumb Code    12  display.o(.text)
    display_setDrawFunc                      0x0800542f   Thumb Code    10  display.o(.text)
    display_update                           0x08005577   Thumb Code   124  display.o(.text)
    display_startCRTAnim                     0x080055f3   Thumb Code    52  display.o(.text)
    draw_bitmap                              0x08005639   Thumb Code   308  draw.o(.text)
    draw_string                              0x0800576d   Thumb Code   120  draw.o(.text)
    draw_string_P                            0x080057e5   Thumb Code    54  draw.o(.text)
    mydraw_bitmap                            0x0800581b   Thumb Code   320  draw.o(.text)
    draw_clearArea                           0x0800595b   Thumb Code    16  draw.o(.text)
    draw_end                                 0x0800596b   Thumb Code     4  draw.o(.text)
    game1_draw                               0x080059bb   Thumb Code   782  game1.o(.text)
    auto_mode                                0x08005cc9   Thumb Code    38  game1.o(.text)
    resume                                   0x08005cef   Thumb Code    30  game1.o(.text)
    game1_start                              0x08005e3b   Thumb Code   106  game1.o(.text)
    game2_start                              0x08006269   Thumb Code    74  game2.o(.text)
    draw_bitmap_set                          0x08006311   Thumb Code    26  game3.o(.text)
    draw_bitmap_s2                           0x0800632b   Thumb Code    26  game3.o(.text)
    game3_start                              0x080065d1   Thumb Code    76  game3.o(.text)
    _DrawPoint                               0x0800661d   Thumb Code    34  game3.o(.text)
    mGamesOpen                               0x08006741   Thumb Code    66  games.o(.text)
    global_init                              0x080067ed   Thumb Code     2  global.o(.text)
    global_update                            0x080067ef   Thumb Code     2  global.o(.text)
    div10                                    0x080067f1   Thumb Code     8  global.o(.text)
    mod10                                    0x080067f9   Thumb Code    12  global.o(.text)
    mDisplayOpen                             0x08006931   Thumb Code    50  m_display.o(.text)
    mMainOpen                                0x08006b21   Thumb Code    22  m_main.o(.text)
    menu_select                              0x08006bf5   Thumb Code    40  menu.o(.text)
    menu_down                                0x08006c1d   Thumb Code    14  menu.o(.text)
    menu_up                                  0x08006c2b   Thumb Code    14  menu.o(.text)
    menu_draw                                0x08006d41   Thumb Code   128  menu.o(.text)
    beginAnimation                           0x08006dc1   Thumb Code     6  menu.o(.text)
    setMenuOption                            0x08006dc7   Thumb Code   158  menu.o(.text)
    setMenuOption_P                          0x08006e65   Thumb Code    40  menu.o(.text)
    menu_isOpen                              0x08006e8d   Thumb Code     6  menu.o(.text)
    menu_close                               0x08006e93   Thumb Code    22  menu.o(.text)
    setPrevMenuOpen                          0x08006ea9   Thumb Code    18  menu.o(.text)
    exitSelected                             0x08006ebb   Thumb Code    20  menu.o(.text)
    setPrevMenuExit                          0x08006ecf   Thumb Code    30  menu.o(.text)
    back                                     0x08006eed   Thumb Code    12  menu.o(.text)
    addBackOption                            0x08006ef9   Thumb Code    18  menu.o(.text)
    beginAnimation2                          0x08006f0b   Thumb Code     6  menu.o(.text)
    setMenuInfo                              0x08006f11   Thumb Code    30  menu.o(.text)
    setMenuFuncs                             0x08006f2f   Thumb Code    14  menu.o(.text)
    nextOption                               0x08006f59   Thumb Code    22  menu.o(.text)
    prevOption                               0x08006f6f   Thumb Code    22  menu.o(.text)
    doAction                                 0x08006f85   Thumb Code    12  menu.o(.text)
    millis_init                              0x08007011   Thumb Code   112  millis.o(.text)
    millis_get                               0x08007081   Thumb Code     6  millis.o(.text)
    TIM3_IRQHandler                          0x08007087   Thumb Code    96  millis.o(.text)
    watchface_normal                         0x080074a1   Thumb Code    30  normal.o(.text)
    mSettingsOpen                            0x080075dd   Thumb Code    44  settings.o(.text)
    mSleepOpen                               0x080076f5   Thumb Code    50  sleep.o(.text)
    mSoundOpen                               0x080077f9   Thumb Code    50  sound.o(.text)
    stopwatch_open                           0x08007a61   Thumb Code    28  stopwatch.o(.text)
    stopwatch_active                         0x08007a7d   Thumb Code    12  stopwatch.o(.text)
    stopwatch_update                         0x08007a89   Thumb Code    36  stopwatch.o(.text)
    time_wake                                0x08007ad9   Thumb Code    20  time.o(.text)
    time_init                                0x08007aed   Thumb Code     2  time.o(.text)
    time_sleep                               0x08007aef   Thumb Code     8  time.o(.text)
    time_shutdown                            0x08007af7   Thumb Code     8  time.o(.text)
    time_timeMode                            0x08007aff   Thumb Code    76  time.o(.text)
    time_set                                 0x08007b4b   Thumb Code    42  time.o(.text)
    time_isLeapYear                          0x08007b75   Thumb Code    12  time.o(.text)
    time_dow                                 0x08007b81   Thumb Code    92  time.o(.text)
    time_monthDayCount                       0x08007bdd   Thumb Code    24  time.o(.text)
    time_timeStr                             0x08007bf5   Thumb Code    26  time.o(.text)
    time_update                              0x08007c0f   Thumb Code   122  time.o(.text)
    mTimeDateOpen                            0x08007fe5   Thumb Code    72  timedate.o(.text)
    torch_open                               0x08008173   Thumb Code    34  torch.o(.text)
    tune_play                                0x080081e1   Thumb Code    28  tune.o(.text)
    tune_stop                                0x080081fd   Thumb Code    24  tune.o(.text)
    OLED_DrawPoint                           0x080082cf   Thumb Code    42  tunemaker.o(.text)
    OLED_DrawLine                            0x080082f9   Thumb Code   148  tunemaker.o(.text)
    __SysTick                                0x0800838d   Thumb Code    20  tunemaker.o(.text)
    tunemakerOpen                            0x08008527   Thumb Code    48  tunemaker.o(.text)
    drawBattery                              0x080085a9   Thumb Code    24  ui.o(.text)
    pwrmgr_init                              0x080085c5   Thumb Code    10  pwrmgr.o(.text)
    pwrmgr_update                            0x080085cf   Thumb Code    76  pwrmgr.o(.text)
    pwrmgr_setState                          0x0800861b   Thumb Code     8  pwrmgr.o(.text)
    pwrmgr_userActive                        0x08008623   Thumb Code    14  pwrmgr.o(.text)
    InitGraph                                0x08008635   Thumb Code     4  oled_basic.o(.text)
    DriverInit                               0x08008639   Thumb Code    14  oled_config.o(.text)
    SW_SPI_Configuration                     0x08008649   Thumb Code   126  oled_driver.o(.text)
    WriteCmd                                 0x080086c7   Thumb Code   100  oled_driver.o(.text)
    WriteDat                                 0x0800872b   Thumb Code   100  oled_driver.o(.text)
    OLED_FILL                                0x0800878f   Thumb Code    56  oled_driver.o(.text)
    OLED_Init                                0x080087c7   Thumb Code   172  oled_driver.o(.text)
    OLED_CLS                                 0x08008873   Thumb Code    52  oled_driver.o(.text)
    OLED_ON                                  0x080088a7   Thumb Code    22  oled_driver.o(.text)
    OLED_OFF                                 0x080088bd   Thumb Code    22  oled_driver.o(.text)
    gui_print_s                              0x080088dd   Thumb Code    18  gui_log_console.o(.text)
    up_line                                  0x080088ef   Thumb Code    24  gui_log_console.o(.text)
    down_line                                0x08008907   Thumb Code    22  gui_log_console.o(.text)
    is_loging                                0x0800891d   Thumb Code    22  gui_log_console.o(.text)
    Generate_Dynamic_Aim_Speed               0x08008933   Thumb Code    42  gui_log_console.o(.text)
    console_loop_show                        0x0800895d   Thumb Code   164  gui_log_console.o(.text)
    strcopy_cnt                              0x08008a01   Thumb Code    24  gui_log_console.o(.text)
    find_huanhang_str_idx                    0x08008a19   Thumb Code    72  gui_log_console.o(.text)
    console_log                              0x08008a61   Thumb Code   354  gui_log_console.o(.text)
    Usart2_Init                              0x08008bdd   Thumb Code   176  usart2.o(.text)
    u2_printf                                0x08008c8d   Thumb Code    60  usart2.o(.text)
    u2_TxData                                0x08008cc9   Thumb Code    38  usart2.o(.text)
    USART2_IRQHandler                        0x08008cef   Thumb Code    50  usart2.o(.text)
    wifi_wait_data_hander                    0x08008d3d   Thumb Code    64  wait_data_clock.o(.text)
    WiFi_ResetIO_Init                        0x08008d91   Thumb Code    52  wifi.o(.text)
    deep_sleep                               0x08008dc5   Thumb Code    24  wifi.o(.text)
    light_sleep                              0x08008ddd   Thumb Code    24  wifi.o(.text)
    cmd_state                                0x08008df5   Thumb Code   186  wifi.o(.text)
    Find_string                              0x08008eaf   Thumb Code    68  wifi.o(.text)
    show_time_data                           0x08008ef3   Thumb Code    98  wifi.o(.text)
    updata_time_data                         0x08008f55   Thumb Code   250  wifi.o(.text)
    connect_my_phone                         0x0800904f   Thumb Code   188  wifi.o(.text)
    show_wather_data                         0x0800910b   Thumb Code    94  wifi.o(.text)
    get_weather_cmd                          0x08009169   Thumb Code   684  wifi.o(.text)
    reset_wifi_cmd                           0x08009415   Thumb Code    82  wifi.o(.text)
    wifi_status                              0x08009467   Thumb Code    70  wifi.o(.text)
    scan_wifi                                0x080094ad   Thumb Code    24  wifi.o(.text)
    smartconfig                              0x080094c5   Thumb Code   218  wifi.o(.text)
    skipped_AMI                              0x080096f1   Thumb Code    46  wifi_task.o(.text)
    wifi_test_open                           0x08009793   Thumb Code    54  wifi_task.o(.text)
    WiFi_CMD_updata                          0x0800984f   Thumb Code    56  wifi_cmd_task.o(.text)
    txt                                      0x08009887   Thumb Code     4  wifi_cmd_task.o(.text)
    cmd7                                     0x0800988b   Thumb Code     4  wifi_cmd_task.o(.text)
    cmd8                                     0x0800988f   Thumb Code     4  wifi_cmd_task.o(.text)
    cmd6                                     0x08009893   Thumb Code     4  wifi_cmd_task.o(.text)
    cmd5                                     0x08009897   Thumb Code     4  wifi_cmd_task.o(.text)
    cmd4                                     0x0800989b   Thumb Code     4  wifi_cmd_task.o(.text)
    cmd3                                     0x0800989f   Thumb Code     4  wifi_cmd_task.o(.text)
    cmd2                                     0x080098a3   Thumb Code     4  wifi_cmd_task.o(.text)
    cmd1                                     0x080098a7   Thumb Code     4  wifi_cmd_task.o(.text)
    wifi_comd_open                           0x0800995b   Thumb Code    56  wifi_cmd_task.o(.text)
    sizeof_str                               0x08009a71   Thumb Code    16  txt_viewer.o(.text)
    txtViewer_init                           0x08009a81   Thumb Code   102  txt_viewer.o(.text)
    txtViewer_changeSource                   0x08009ae7   Thumb Code    24  txt_viewer.o(.text)
    txtViewer_display                        0x08009aff   Thumb Code   276  txt_viewer.o(.text)
    txtViewer_drawBoundary                   0x08009c13   Thumb Code   100  txt_viewer.o(.text)
    backto                                   0x08009cd7   Thumb Code    18  txt_viewer.o(.text)
    txt_test_open                            0x08009d2d   Thumb Code    58  txt_viewer.o(.text)
    sizefull                                 0x08009d67   Thumb Code    12  txt_viewer.o(.text)
    size48x96                                0x08009d73   Thumb Code    12  txt_viewer.o(.text)
    size32x64                                0x08009d7f   Thumb Code    12  txt_viewer.o(.text)
    size48x64                                0x08009d8b   Thumb Code    12  txt_viewer.o(.text)
    win_leftRight                            0x08009d97   Thumb Code    12  txt_viewer.o(.text)
    win_upDown                               0x08009da3   Thumb Code    12  txt_viewer.o(.text)
    left_right                               0x08009daf   Thumb Code    12  txt_viewer.o(.text)
    up_down                                  0x08009dbb   Thumb Code    12  txt_viewer.o(.text)
    __aeabi_ldivmod                          0x0800a009   Thumb Code    98  ldiv.o(.text)
    rand                                     0x0800a06d   Thumb Code    20  rand.o(.text)
    srand                                    0x0800a081   Thumb Code     6  rand.o(.text)
    __aeabi_memcpy                           0x0800a091   Thumb Code    36  memcpya.o(.text)
    __aeabi_memcpy4                          0x0800a091   Thumb Code     0  memcpya.o(.text)
    __aeabi_memcpy8                          0x0800a091   Thumb Code     0  memcpya.o(.text)
    __aeabi_memset                           0x0800a0b5   Thumb Code    14  memseta.o(.text)
    __aeabi_memset4                          0x0800a0b5   Thumb Code     0  memseta.o(.text)
    __aeabi_memset8                          0x0800a0b5   Thumb Code     0  memseta.o(.text)
    __aeabi_memclr                           0x0800a0c3   Thumb Code     4  memseta.o(.text)
    __aeabi_memclr4                          0x0800a0c3   Thumb Code     0  memseta.o(.text)
    __aeabi_memclr8                          0x0800a0c3   Thumb Code     0  memseta.o(.text)
    _memset$wrapper                          0x0800a0c7   Thumb Code    18  memseta.o(.text)
    strcat                                   0x0800a0d9   Thumb Code    24  strcat.o(.text)
    strstr                                   0x0800a0f1   Thumb Code    36  strstr.o(.text)
    strlen                                   0x0800a115   Thumb Code    14  strlen.o(.text)
    memcmp                                   0x0800a123   Thumb Code    26  memcmp.o(.text)
    strcpy                                   0x0800a13d   Thumb Code    18  strcpy.o(.text)
    calloc                                   0x0800a14f   Thumb Code    28  calloc.o(.text)
    __aeabi_fadd                             0x0800a16b   Thumb Code   164  fadd.o(.text)
    __aeabi_fsub                             0x0800a20f   Thumb Code     6  fadd.o(.text)
    __aeabi_frsub                            0x0800a215   Thumb Code     6  fadd.o(.text)
    __aeabi_fmul                             0x0800a21b   Thumb Code   100  fmul.o(.text)
    __aeabi_fdiv                             0x0800a27f   Thumb Code   124  fdiv.o(.text)
    __ARM_scalbnf                            0x0800a2fb   Thumb Code    24  fscalb.o(.text)
    scalbnf                                  0x0800a2fb   Thumb Code     0  fscalb.o(.text)
    __aeabi_dadd                             0x0800a313   Thumb Code   322  dadd.o(.text)
    __aeabi_dsub                             0x0800a455   Thumb Code     6  dadd.o(.text)
    __aeabi_drsub                            0x0800a45b   Thumb Code     6  dadd.o(.text)
    __aeabi_dmul                             0x0800a461   Thumb Code   228  dmul.o(.text)
    __aeabi_ddiv                             0x0800a545   Thumb Code   222  ddiv.o(.text)
    __ARM_scalbn                             0x0800a623   Thumb Code    46  dscalb.o(.text)
    scalbn                                   0x0800a623   Thumb Code     0  dscalb.o(.text)
    __aeabi_i2f                              0x0800a651   Thumb Code    18  fflti.o(.text)
    __aeabi_ui2f                             0x0800a663   Thumb Code    10  ffltui.o(.text)
    __aeabi_i2d                              0x0800a66d   Thumb Code    34  dflti.o(.text)
    __aeabi_ui2d                             0x0800a68f   Thumb Code    26  dfltui.o(.text)
    __aeabi_f2iz                             0x0800a6a9   Thumb Code    50  ffixi.o(.text)
    __aeabi_f2uiz                            0x0800a6db   Thumb Code    40  ffixui.o(.text)
    __aeabi_d2uiz                            0x0800a703   Thumb Code    50  dfixui.o(.text)
    __aeabi_f2d                              0x0800a735   Thumb Code    38  f2d.o(.text)
    __aeabi_cdcmpeq                          0x0800a75d   Thumb Code     0  cdcmple.o(.text)
    __aeabi_cdcmple                          0x0800a75d   Thumb Code    48  cdcmple.o(.text)
    __aeabi_d2f                              0x0800a78d   Thumb Code    56  d2f.o(.text)
    __aeabi_cfcmpeq                          0x0800a7c5   Thumb Code     0  cfcmple.o(.text)
    __aeabi_cfcmple                          0x0800a7c5   Thumb Code    20  cfcmple.o(.text)
    __aeabi_cfrcmple                         0x0800a7d9   Thumb Code    20  cfrcmple.o(.text)
    __aeabi_uidiv                            0x0800a7ed   Thumb Code     0  uidiv.o(.text)
    __aeabi_uidivmod                         0x0800a7ed   Thumb Code    44  uidiv.o(.text)
    __aeabi_uldivmod                         0x0800a819   Thumb Code    98  uldiv.o(.text)
    __aeabi_llsl                             0x0800a87b   Thumb Code    30  llshl.o(.text)
    _ll_shift_l                              0x0800a87b   Thumb Code     0  llshl.o(.text)
    __aeabi_llsr                             0x0800a899   Thumb Code    32  llushr.o(.text)
    _ll_ushift_r                             0x0800a899   Thumb Code     0  llushr.o(.text)
    __aeabi_lasr                             0x0800a8b9   Thumb Code    36  llsshr.o(.text)
    _ll_sshift_r                             0x0800a8b9   Thumb Code     0  llsshr.o(.text)
    __I$use$fp                               0x0800a8dd   Thumb Code     0  iusefp.o(.text)
    _float_round                             0x0800a8dd   Thumb Code    18  fepilogue.o(.text)
    _float_epilogue                          0x0800a8ef   Thumb Code    92  fepilogue.o(.text)
    _double_round                            0x0800a94b   Thumb Code    30  depilogue.o(.text)
    _double_epilogue                         0x0800a969   Thumb Code   156  depilogue.o(.text)
    __aeabi_d2ulz                            0x0800aa05   Thumb Code    48  dfixul.o(.text)
    __aeabi_cdrcmple                         0x0800aa35   Thumb Code    48  cdrcmple.o(.text)
    __scatterload                            0x0800aa65   Thumb Code    28  init.o(.text)
    __scatterload_rt2                        0x0800aa65   Thumb Code     0  init.o(.text)
    _dsqrt                                   0x0800aa89   Thumb Code   162  dsqrt.o(.text)
    __aeabi_d2iz                             0x0800ab2b   Thumb Code    62  dfixi.o(.text)
    __decompress                             0x0800ab69   Thumb Code     0  __dczerorl2.o(.text)
    __decompress1                            0x0800ab69   Thumb Code    86  __dczerorl2.o(.text)
    __0printf                                0x0800abc1   Thumb Code    22  printfa.o(i.__0printf)
    __1printf                                0x0800abc1   Thumb Code     0  printfa.o(i.__0printf)
    __2printf                                0x0800abc1   Thumb Code     0  printfa.o(i.__0printf)
    __c89printf                              0x0800abc1   Thumb Code     0  printfa.o(i.__0printf)
    printf                                   0x0800abc1   Thumb Code     0  printfa.o(i.__0printf)
    __0sprintf                               0x0800abe1   Thumb Code    34  printfa.o(i.__0sprintf)
    __1sprintf                               0x0800abe1   Thumb Code     0  printfa.o(i.__0sprintf)
    __2sprintf                               0x0800abe1   Thumb Code     0  printfa.o(i.__0sprintf)
    __c89sprintf                             0x0800abe1   Thumb Code     0  printfa.o(i.__0sprintf)
    sprintf                                  0x0800abe1   Thumb Code     0  printfa.o(i.__0sprintf)
    __0vsprintf                              0x0800ac09   Thumb Code    30  printfa.o(i.__0vsprintf)
    __1vsprintf                              0x0800ac09   Thumb Code     0  printfa.o(i.__0vsprintf)
    __2vsprintf                              0x0800ac09   Thumb Code     0  printfa.o(i.__0vsprintf)
    __c89vsprintf                            0x0800ac09   Thumb Code     0  printfa.o(i.__0vsprintf)
    vsprintf                                 0x0800ac09   Thumb Code     0  printfa.o(i.__0vsprintf)
    __ARM_fpclassify                         0x0800ac2d   Thumb Code    40  fpclassify.o(i.__ARM_fpclassify)
    __ieee754_rem_pio2                       0x0800ac55   Thumb Code   828  rred.o(i.__ieee754_rem_pio2)
    __kernel_cos                             0x0800afdd   Thumb Code   230  cos_i.o(i.__kernel_cos)
    __kernel_poly                            0x0800b0d9   Thumb Code   170  poly.o(i.__kernel_poly)
    __kernel_sin                             0x0800b185   Thumb Code   224  sin_i.o(i.__kernel_sin)
    __mathlib_dbl_infnan                     0x0800b271   Thumb Code     6  dunder.o(i.__mathlib_dbl_infnan)
    __mathlib_dbl_infnan2                    0x0800b277   Thumb Code     4  dunder.o(i.__mathlib_dbl_infnan2)
    __mathlib_dbl_invalid                    0x0800b27b   Thumb Code    12  dunder.o(i.__mathlib_dbl_invalid)
    __mathlib_dbl_underflow                  0x0800b289   Thumb Code    10  dunder.o(i.__mathlib_dbl_underflow)
    __scatterload_copy                       0x0800b299   Thumb Code    14  handlers.o(i.__scatterload_copy)
    __scatterload_null                       0x0800b2a7   Thumb Code     2  handlers.o(i.__scatterload_null)
    __scatterload_zeroinit                   0x0800b2a9   Thumb Code    14  handlers.o(i.__scatterload_zeroinit)
    __set_errno                              0x0800b2b9   Thumb Code     6  errno.o(i.__set_errno)
    asin                                     0x0800bb81   Thumb Code   572  asin.o(i.asin)
    atan                                     0x0800bdf1   Thumb Code   474  atan.o(i.atan)
    atan2                                    0x0800c011   Thumb Code   346  atan2.o(i.atan2)
    free                                     0x0800c191   Thumb Code    76  malloc.o(i.free)
    malloc                                   0x0800c1e1   Thumb Code    92  malloc.o(i.malloc)
    sin                                      0x0800c24d   Thumb Code   150  sin.o(i.sin)
    sqrt                                     0x0800c2ed   Thumb Code    76  sqrt.o(i.sqrt)
    STAY                                     0x0800c338   Data         236  main.o(.constdata)
    TUNE                                     0x0800c424   Data        1000  main.o(.constdata)
    reg                                      0x0800c80c   Data          27  inv_mpu.o(.constdata)
    hw                                       0x0800c828   Data          12  inv_mpu.o(.constdata)
    test                                     0x0800c834   Data          40  inv_mpu.o(.constdata)
    menuBack                                 0x0800d4da   Data           5  menu.o(.constdata)
    dowChars                                 0x0800d4df   Data           8  resources.o(.constdata)
    days                                     0x0800d4e7   Data          28  resources.o(.constdata)
    months                                   0x0800d503   Data          48  resources.o(.constdata)
    livesImg                                 0x0800d533   Data           7  resources.o(.constdata)
    stopwatch                                0x0800d53a   Data           8  resources.o(.constdata)
    menu_tunemaker                           0x0800d542   Data         128  resources.o(.constdata)
    menu_timedate                            0x0800d5c2   Data         128  resources.o(.constdata)
    menu_sleep                               0x0800d642   Data         128  resources.o(.constdata)
    menu_sound                               0x0800d6c2   Data         128  resources.o(.constdata)
    menu_games                               0x0800d742   Data         128  resources.o(.constdata)
    menu_brightness                          0x0800d7c2   Data         512  resources.o(.constdata)
    menu_LEDs                                0x0800d9c2   Data         256  resources.o(.constdata)
    menu_invert                              0x0800dac2   Data         128  resources.o(.constdata)
    menu_anim                                0x0800db42   Data         256  resources.o(.constdata)
    menu_volume                              0x0800dc42   Data         512  resources.o(.constdata)
    menu_rotate                              0x0800de42   Data         128  resources.o(.constdata)
    menu_display                             0x0800dec2   Data         128  resources.o(.constdata)
    menu_sleeptimeout                        0x0800df42   Data         128  resources.o(.constdata)
    usbIcon                                  0x0800dfc2   Data          16  resources.o(.constdata)
    battIconHigh                             0x0800dfd2   Data          16  resources.o(.constdata)
    chargeIcon                               0x0800dfe2   Data           8  resources.o(.constdata)
    smallFont                                0x0800dfea   Data         485  resources.o(.constdata)
    midFont                                  0x0800e1cf   Data         570  resources.o(.constdata)
    small2Font                               0x0800e409   Data         220  resources.o(.constdata)
    colon                                    0x0800e4e5   Data          18  resources.o(.constdata)
    selectbar_top                            0x0800e4f7   Data          36  resources.o(.constdata)
    selectbar_bottom                         0x0800e51b   Data          36  resources.o(.constdata)
    menu_alarm                               0x0800e53f   Data         128  resources.o(.constdata)
    menu_default                             0x0800e5bf   Data         128  resources.o(.constdata)
    menu_stopwatch                           0x0800e63f   Data         128  resources.o(.constdata)
    menu_torch                               0x0800e6bf   Data         128  resources.o(.constdata)
    menu_settings                            0x0800e73f   Data         128  resources.o(.constdata)
    menu_diagnostic                          0x0800e7bf   Data         128  resources.o(.constdata)
    menu_exit                                0x0800e83f   Data         128  resources.o(.constdata)
    menu_setfps                              0x0800e8bf   Data         128  resources.o(.constdata)
    tuneBtn1                                 0x0800fa8c   Data          16  tunes.o(.constdata)
    tuneBtn2                                 0x0800fa9c   Data          16  tunes.o(.constdata)
    tuneBtn3                                 0x0800faac   Data          16  tunes.o(.constdata)
    __mathlib_zero                           0x0800fbd8   Data           8  qnan.o(.constdata)
    Region$$Table$$Base                      0x0800fef8   Number         0  anon$$obj.o(Region$$Table)
    Region$$Table$$Limit                     0x0800ff18   Number         0  anon$$obj.o(Region$$Table)
    SystemCoreClock                          0x20000000   Data           4  system_stm32f10x.o(.data)
    AHBPrescTable                            0x20000004   Data          16  system_stm32f10x.o(.data)
    CTRL_LEDs                                0x20000014   Data           1  led.o(.data)
    mpu_err_flag                             0x20000069   Data           1  mpu6050.o(.data)
    imu_run                                  0x2000006c   Data           1  mpu_task.o(.data)
    delta                                    0x2000006d   Data           1  mpu_task.o(.data)
    point_delta                              0x2000006e   Data           1  mpu_task.o(.data)
    pitch                                    0x2000007c   Data           4  mpu_task.o(.data)
    roll                                     0x20000080   Data           4  mpu_task.o(.data)
    yaw                                      0x20000084   Data           4  mpu_task.o(.data)
    USART_RX_STA                             0x2000008c   Data           2  usart.o(.data)
    __stdout                                 0x20000090   Data           4  usart.o(.data)
    MY_FPS                                   0x200000f8   Data           1  display.o(.data)
    lives                                    0x20000144   Data           4  game3.o(.data)
    setting                                  0x20000180   Data           2  menu.o(.data)
    milliseconds                             0x20000184   Data           4  millis.o(.data)
    update                                   0x200001bc   Data           1  time.o(.data)
    timeDate                                 0x200001bd   Data           8  time.o(.data)
    iAng                                     0x200001ec   Data           1  tunemaker.o(.data)
    x1                                       0x200001ed   Data           1  tunemaker.o(.data)
    x2                                       0x200001ee   Data           1  tunemaker.o(.data)
    y1                                       0x200001ef   Data           1  tunemaker.o(.data)
    y2                                       0x200001f0   Data           1  tunemaker.o(.data)
    Cnt                                      0x200001f4   Data           4  tunemaker.o(.data)
    Cntv                                     0x200001f8   Data           4  tunemaker.o(.data)
    keep_on                                  0x200001fc   Data           1  pwrmgr.o(.data)
    new_line_flag                            0x20000206   Data           1  gui_log_console.o(.data)
    LOOP_SHOW_MD                             0x20000207   Data           1  gui_log_console.o(.data)
    NEW_LINE_AMI                             0x20000208   Data           1  gui_log_console.o(.data)
    r_off_set                                0x2000020b   Data           1  gui_log_console.o(.data)
    r_kee                                    0x2000020c   Data           1  gui_log_console.o(.data)
    now_str_length                           0x2000020e   Data           1  gui_log_console.o(.data)
    pix_show_idx                             0x20000210   Data           2  gui_log_console.o(.data)
    Usart2_RxCompleted                       0x20000212   Data           1  usart2.o(.data)
    Usart2_RxCounter                         0x20000214   Data           4  usart2.o(.data)
    is_wifi_data_start                       0x20000218   Data           1  wait_data_clock.o(.data)
    wifi_time_cnt                            0x20000219   Data           1  wait_data_clock.o(.data)
    ServerIP                                 0x20000220   Data           4  wifi.o(.data)
    ServerIP2                                0x20000224   Data           4  wifi.o(.data)
    ServerPort                               0x20000228   Data           4  wifi.o(.data)
    CMD_S                                    0x2000022c   Data          10  wifi.o(.data)
    log_first                                0x20000236   Data           1  wifi_task.o(.data)
    time                                     0x20000238   Data           2  wifi_task.o(.data)
    cmd_finish                               0x2000023c   Data           1  wifi_cmd_task.o(.data)
    skip_aim_flag                            0x2000023d   Data           1  wifi_cmd_task.o(.data)
    clang                                    0x20000248   Data           4  txt_viewer.o(.data)
    btndown                                  0x2000024c   Data           4  txt_viewer.o(.data)
    btnup                                    0x20000250   Data           4  txt_viewer.o(.data)
    __microlib_freelist                      0x20000260   Data           4  mvars.o(.data)
    __microlib_freelist_initialised          0x20000264   Data           4  mvars.o(.data)
    oledBuffer                               0x2000026c   Data        1024  lcd.o(.bss)
    USART_RX_BUF                             0x20000a7c   Data         200  usart.o(.bss)
    appConfig                                0x20000b50   Data          12  appconfig.o(.bss)
    _GRAM                                    0x20000ba5   Data          64  game3.o(.bss)
    menuData                                 0x20000be8   Data          36  menu.o(.bss)
    vert                                     0x20000c15   Data          24  tunemaker.o(.bss)
    OLED_GRAM                                0x20000c2d   Data         512  tunemaker.o(.bss)
    string_buff                              0x20000e2d   Data        1000  gui_log_console.o(.bss)
    firststr_buff                            0x20001215   Data        1024  gui_log_console.o(.bss)
    Usart2_RxBuff                            0x20001618   Data        1024  usart2.o(.bss)
    USART2_TxBuff                            0x20001a18   Data        1024  usart2.o(.bss)
    Data_buff                                0x20001e18   Data        1024  wifi.o(.bss)
    txtViewer                                0x20002218   Data          28  txt_viewer.o(.bss)
    __heap_base                              0x20002238   Data           0  startup_stm32f10x_md.o(HEAP)
    __heap_limit                             0x20002438   Data           0  startup_stm32f10x_md.o(HEAP)
    __initial_sp                             0x20002838   Data           0  startup_stm32f10x_md.o(STACK)



==============================================================================

Memory Map of the image

  Image Entry point : 0x080000ed

  Load Region LR_IROM1 (Base: 0x08000000, Size: 0x00010184, Max: 0x00010000, ABSOLUTE, COMPRESSED[0x0000ff90])

    Execution Region ER_IROM1 (Exec base: 0x08000000, Load base: 0x08000000, Size: 0x0000ff18, Max: 0x00010000, ABSOLUTE)

    Exec Addr    Load Addr    Size         Type   Attr      Idx    E Section Name        Object

    0x08000000   0x08000000   0x000000ec   Data   RO          724    RESET               startup_stm32f10x_md.o
    0x080000ec   0x080000ec   0x00000000   Code   RO         1583  * .ARM.Collect$$$$00000000  mc_w.l(entry.o)
    0x080000ec   0x080000ec   0x00000004   Code   RO         1989    .ARM.Collect$$$$00000001  mc_w.l(entry2.o)
    0x080000f0   0x080000f0   0x00000004   Code   RO         1992    .ARM.Collect$$$$00000004  mc_w.l(entry5.o)
    0x080000f4   0x080000f4   0x00000000   Code   RO         1994    .ARM.Collect$$$$00000008  mc_w.l(entry7b.o)
    0x080000f4   0x080000f4   0x00000000   Code   RO         1996    .ARM.Collect$$$$0000000A  mc_w.l(entry8b.o)
    0x080000f4   0x080000f4   0x00000008   Code   RO         1997    .ARM.Collect$$$$0000000B  mc_w.l(entry9a.o)
    0x080000fc   0x080000fc   0x00000000   Code   RO         1999    .ARM.Collect$$$$0000000D  mc_w.l(entry10a.o)
    0x080000fc   0x080000fc   0x00000000   Code   RO         2001    .ARM.Collect$$$$0000000F  mc_w.l(entry11a.o)
    0x080000fc   0x080000fc   0x00000004   Code   RO         1990    .ARM.Collect$$$$00002712  mc_w.l(entry2.o)
    0x08000100   0x08000100   0x00000154   Code   RO            1    .text               main.o
    0x08000254   0x08000254   0x00000012   Code   RO          344    .text               stm32f10x_it.o
    0x08000266   0x08000266   0x00000002   PAD
    0x08000268   0x08000268   0x00000158   Code   RO          385    .text               system_stm32f10x.o
    0x080003c0   0x080003c0   0x00000148   Code   RO          403    .text               led.o
    0x08000508   0x08000508   0x00000078   Code   RO          434    .text               lcd.o
    0x08000580   0x08000580   0x000001a8   Code   RO          492    .text               beep.o
    0x08000728   0x08000728   0x00001a1c   Code   RO          528    .text               inv_mpu.o
    0x08002144   0x08002144   0x00000a4c   Code   RO          552    .text               inv_mpu_dmp_motion_driver.o
    0x08002b90   0x08002b90   0x000002dc   Code   RO          574    .text               mpu6050.o
    0x08002e6c   0x08002e6c   0x00000234   Code   RO          593    .text               mpuiic.o
    0x080030a0   0x080030a0   0x00000320   Code   RO          606    .text               mpu_task.o
    0x080033c0   0x080033c0   0x00000098   Code   RO          657    .text               delay.o
    0x08003458   0x08003458   0x00000114   Code   RO          688    .text               usart.o
    0x0800356c   0x0800356c   0x00000024   Code   RO          725    .text               startup_stm32f10x_md.o
    0x08003590   0x08003590   0x00000264   Code   RO          729    .text               stm32f10x_gpio.o
    0x080037f4   0x080037f4   0x000002b8   Code   RO          741    .text               stm32f10x_rcc.o
    0x08003aac   0x08003aac   0x00000328   Code   RO          755    .text               stm32f10x_usart.o
    0x08003dd4   0x08003dd4   0x000000b0   Code   RO          767    .text               misc.o
    0x08003e84   0x08003e84   0x00000af0   Code   RO          779    .text               stm32f10x_tim.o
    0x08004974   0x08004974   0x00000278   Code   RO          828    .text               alarm.o
    0x08004bec   0x08004bec   0x00000404   Code   RO          843    .text               alarms.o
    0x08004ff0   0x08004ff0   0x000000c8   Code   RO          857    .text               animation.o
    0x080050b8   0x080050b8   0x00000024   Code   RO          871    .text               appconfig.o
    0x080050dc   0x080050dc   0x000001d8   Code   RO          890    .text               buttons.o
    0x080052b4   0x080052b4   0x00000168   Code   RO          905    .text               diag.o
    0x0800541c   0x0800541c   0x0000021c   Code   RO          919    .text               display.o
    0x08005638   0x08005638   0x0000034c   Code   RO          934    .text               draw.o
    0x08005984   0x08005984   0x00000564   Code   RO          949    .text               game1.o
    0x08005ee8   0x08005ee8   0x00000428   Code   RO          966    .text               game2.o
    0x08006310   0x08006310   0x000003ec   Code   RO          982    .text               game3.o
    0x080066fc   0x080066fc   0x000000f0   Code   RO         1032    .text               games.o
    0x080067ec   0x080067ec   0x00000018   Code   RO         1046    .text               global.o
    0x08006804   0x08006804   0x00000268   Code   RO         1058    .text               m_display.o
    0x08006a6c   0x08006a6c   0x00000188   Code   RO         1073    .text               m_main.o
    0x08006bf4   0x08006bf4   0x0000041c   Code   RO         1087    .text               menu.o
    0x08007010   0x08007010   0x000000f8   Code   RO         1109    .text               millis.o
    0x08007108   0x08007108   0x0000047c   Code   RO         1128    .text               normal.o
    0x08007584   0x08007584   0x00000100   Code   RO         1192    .text               settings.o
    0x08007684   0x08007684   0x000000e8   Code   RO         1206    .text               sleep.o
    0x0800776c   0x0800776c   0x0000015c   Code   RO         1220    .text               sound.o
    0x080078c8   0x080078c8   0x00000210   Code   RO         1234    .text               stopwatch.o
    0x08007ad8   0x08007ad8   0x000001d4   Code   RO         1248    .text               time.o
    0x08007cac   0x08007cac   0x0000044c   Code   RO         1269    .text               timedate.o
    0x080080f8   0x080080f8   0x000000b4   Code   RO         1283    .text               torch.o
    0x080081ac   0x080081ac   0x00000070   Code   RO         1297    .text               tune.o
    0x0800821c   0x0800821c   0x0000038c   Code   RO         1311    .text               tunemaker.o
    0x080085a8   0x080085a8   0x0000001c   Code   RO         1348    .text               ui.o
    0x080085c4   0x080085c4   0x00000070   Code   RO         1360    .text               pwrmgr.o
    0x08008634   0x08008634   0x00000004   Code   RO         1375    .text               oled_basic.o
    0x08008638   0x08008638   0x0000000e   Code   RO         1387    .text               oled_config.o
    0x08008646   0x08008646   0x00000002   PAD
    0x08008648   0x08008648   0x00000294   Code   RO         1399    .text               oled_driver.o
    0x080088dc   0x080088dc   0x00000300   Code   RO         1411    .text               gui_log_console.o
    0x08008bdc   0x08008bdc   0x00000160   Code   RO         1436    .text               usart2.o
    0x08008d3c   0x08008d3c   0x00000054   Code   RO         1457    .text               wait_data_clock.o
    0x08008d90   0x08008d90   0x0000091c   Code   RO         1472    .text               wifi.o
    0x080096ac   0x080096ac   0x00000180   Code   RO         1494    .text               wifi_task.o
    0x0800982c   0x0800982c   0x00000244   Code   RO         1510    .text               wifi_cmd_task.o
    0x08009a70   0x08009a70   0x00000598   Code   RO         1529    .text               txt_viewer.o
    0x0800a008   0x0800a008   0x00000062   Code   RO         1586    .text               mc_w.l(ldiv.o)
    0x0800a06a   0x0800a06a   0x00000002   PAD
    0x0800a06c   0x0800a06c   0x00000024   Code   RO         1588    .text               mc_w.l(rand.o)
    0x0800a090   0x0800a090   0x00000024   Code   RO         1591    .text               mc_w.l(memcpya.o)
    0x0800a0b4   0x0800a0b4   0x00000024   Code   RO         1593    .text               mc_w.l(memseta.o)
    0x0800a0d8   0x0800a0d8   0x00000018   Code   RO         1595    .text               mc_w.l(strcat.o)
    0x0800a0f0   0x0800a0f0   0x00000024   Code   RO         1597    .text               mc_w.l(strstr.o)
    0x0800a114   0x0800a114   0x0000000e   Code   RO         1599    .text               mc_w.l(strlen.o)
    0x0800a122   0x0800a122   0x0000001a   Code   RO         1601    .text               mc_w.l(memcmp.o)
    0x0800a13c   0x0800a13c   0x00000012   Code   RO         1603    .text               mc_w.l(strcpy.o)
    0x0800a14e   0x0800a14e   0x0000001c   Code   RO         1896    .text               mc_w.l(calloc.o)
    0x0800a16a   0x0800a16a   0x000000b0   Code   RO         1898    .text               mf_w.l(fadd.o)
    0x0800a21a   0x0800a21a   0x00000064   Code   RO         1900    .text               mf_w.l(fmul.o)
    0x0800a27e   0x0800a27e   0x0000007c   Code   RO         1902    .text               mf_w.l(fdiv.o)
    0x0800a2fa   0x0800a2fa   0x00000018   Code   RO         1904    .text               mf_w.l(fscalb.o)
    0x0800a312   0x0800a312   0x0000014e   Code   RO         1906    .text               mf_w.l(dadd.o)
    0x0800a460   0x0800a460   0x000000e4   Code   RO         1908    .text               mf_w.l(dmul.o)
    0x0800a544   0x0800a544   0x000000de   Code   RO         1910    .text               mf_w.l(ddiv.o)
    0x0800a622   0x0800a622   0x0000002e   Code   RO         1912    .text               mf_w.l(dscalb.o)
    0x0800a650   0x0800a650   0x00000012   Code   RO         1914    .text               mf_w.l(fflti.o)
    0x0800a662   0x0800a662   0x0000000a   Code   RO         1916    .text               mf_w.l(ffltui.o)
    0x0800a66c   0x0800a66c   0x00000022   Code   RO         1918    .text               mf_w.l(dflti.o)
    0x0800a68e   0x0800a68e   0x0000001a   Code   RO         1920    .text               mf_w.l(dfltui.o)
    0x0800a6a8   0x0800a6a8   0x00000032   Code   RO         1922    .text               mf_w.l(ffixi.o)
    0x0800a6da   0x0800a6da   0x00000028   Code   RO         1924    .text               mf_w.l(ffixui.o)
    0x0800a702   0x0800a702   0x00000032   Code   RO         1926    .text               mf_w.l(dfixui.o)
    0x0800a734   0x0800a734   0x00000026   Code   RO         1928    .text               mf_w.l(f2d.o)
    0x0800a75a   0x0800a75a   0x00000002   PAD
    0x0800a75c   0x0800a75c   0x00000030   Code   RO         1930    .text               mf_w.l(cdcmple.o)
    0x0800a78c   0x0800a78c   0x00000038   Code   RO         1932    .text               mf_w.l(d2f.o)
    0x0800a7c4   0x0800a7c4   0x00000014   Code   RO         1934    .text               mf_w.l(cfcmple.o)
    0x0800a7d8   0x0800a7d8   0x00000014   Code   RO         1936    .text               mf_w.l(cfrcmple.o)
    0x0800a7ec   0x0800a7ec   0x0000002c   Code   RO         2003    .text               mc_w.l(uidiv.o)
    0x0800a818   0x0800a818   0x00000062   Code   RO         2005    .text               mc_w.l(uldiv.o)
    0x0800a87a   0x0800a87a   0x0000001e   Code   RO         2007    .text               mc_w.l(llshl.o)
    0x0800a898   0x0800a898   0x00000020   Code   RO         2009    .text               mc_w.l(llushr.o)
    0x0800a8b8   0x0800a8b8   0x00000024   Code   RO         2011    .text               mc_w.l(llsshr.o)
    0x0800a8dc   0x0800a8dc   0x00000000   Code   RO         2022    .text               mc_w.l(iusefp.o)
    0x0800a8dc   0x0800a8dc   0x0000006e   Code   RO         2023    .text               mf_w.l(fepilogue.o)
    0x0800a94a   0x0800a94a   0x000000ba   Code   RO         2025    .text               mf_w.l(depilogue.o)
    0x0800aa04   0x0800aa04   0x00000030   Code   RO         2027    .text               mf_w.l(dfixul.o)
    0x0800aa34   0x0800aa34   0x00000030   Code   RO         2029    .text               mf_w.l(cdrcmple.o)
    0x0800aa64   0x0800aa64   0x00000024   Code   RO         2031    .text               mc_w.l(init.o)
    0x0800aa88   0x0800aa88   0x000000a2   Code   RO         2033    .text               mf_w.l(dsqrt.o)
    0x0800ab2a   0x0800ab2a   0x0000003e   Code   RO         2035    .text               mf_w.l(dfixi.o)
    0x0800ab68   0x0800ab68   0x00000056   Code   RO         2045    .text               mc_w.l(__dczerorl2.o)
    0x0800abbe   0x0800abbe   0x00000002   PAD
    0x0800abc0   0x0800abc0   0x00000020   Code   RO         1840    i.__0printf         mc_w.l(printfa.o)
    0x0800abe0   0x0800abe0   0x00000028   Code   RO         1842    i.__0sprintf        mc_w.l(printfa.o)
    0x0800ac08   0x0800ac08   0x00000024   Code   RO         1846    i.__0vsprintf       mc_w.l(printfa.o)
    0x0800ac2c   0x0800ac2c   0x00000028   Code   RO         1965    i.__ARM_fpclassify  m_ws.l(fpclassify.o)
    0x0800ac54   0x0800ac54   0x00000388   Code   RO         1970    i.__ieee754_rem_pio2  m_ws.l(rred.o)
    0x0800afdc   0x0800afdc   0x000000fc   Code   RO         1948    i.__kernel_cos      m_ws.l(cos_i.o)
    0x0800b0d8   0x0800b0d8   0x000000aa   Code   RO         1967    i.__kernel_poly     m_ws.l(poly.o)
    0x0800b182   0x0800b182   0x00000002   PAD
    0x0800b184   0x0800b184   0x000000ec   Code   RO         1975    i.__kernel_sin      m_ws.l(sin_i.o)
    0x0800b270   0x0800b270   0x00000006   Code   RO         1952    i.__mathlib_dbl_infnan  m_ws.l(dunder.o)
    0x0800b276   0x0800b276   0x00000004   Code   RO         1953    i.__mathlib_dbl_infnan2  m_ws.l(dunder.o)
    0x0800b27a   0x0800b27a   0x0000000c   Code   RO         1954    i.__mathlib_dbl_invalid  m_ws.l(dunder.o)
    0x0800b286   0x0800b286   0x00000002   PAD
    0x0800b288   0x0800b288   0x00000010   Code   RO         1957    i.__mathlib_dbl_underflow  m_ws.l(dunder.o)
    0x0800b298   0x0800b298   0x0000000e   Code   RO         2039    i.__scatterload_copy  mc_w.l(handlers.o)
    0x0800b2a6   0x0800b2a6   0x00000002   Code   RO         2040    i.__scatterload_null  mc_w.l(handlers.o)
    0x0800b2a8   0x0800b2a8   0x0000000e   Code   RO         2041    i.__scatterload_zeroinit  mc_w.l(handlers.o)
    0x0800b2b6   0x0800b2b6   0x00000002   PAD
    0x0800b2b8   0x0800b2b8   0x0000000c   Code   RO         2017    i.__set_errno       mc_w.l(errno.o)
    0x0800b2c4   0x0800b2c4   0x00000184   Code   RO         1847    i._fp_digits        mc_w.l(printfa.o)
    0x0800b448   0x0800b448   0x000006dc   Code   RO         1848    i._printf_core      mc_w.l(printfa.o)
    0x0800bb24   0x0800bb24   0x00000024   Code   RO         1849    i._printf_post_padding  mc_w.l(printfa.o)
    0x0800bb48   0x0800bb48   0x0000002e   Code   RO         1850    i._printf_pre_padding  mc_w.l(printfa.o)
    0x0800bb76   0x0800bb76   0x0000000a   Code   RO         1852    i._sputc            mc_w.l(printfa.o)
    0x0800bb80   0x0800bb80   0x00000270   Code   RO         1558    i.asin              m_ws.l(asin.o)
    0x0800bdf0   0x0800bdf0   0x00000220   Code   RO         1939    i.atan              m_ws.l(atan.o)
    0x0800c010   0x0800c010   0x00000180   Code   RO         1568    i.atan2             m_ws.l(atan2.o)
    0x0800c190   0x0800c190   0x00000050   Code   RO         1868    i.free              mc_w.l(malloc.o)
    0x0800c1e0   0x0800c1e0   0x0000006c   Code   RO         1869    i.malloc            mc_w.l(malloc.o)
    0x0800c24c   0x0800c24c   0x000000a0   Code   RO         1576    i.sin               m_ws.l(sin.o)
    0x0800c2ec   0x0800c2ec   0x0000004c   Code   RO         1982    i.sqrt              m_ws.l(sqrt.o)
    0x0800c338   0x0800c338   0x000000ec   Data   RO            2    .constdata          main.o
    0x0800c424   0x0800c424   0x000003e8   Data   RO            3    .constdata          main.o
    0x0800c80c   0x0800c80c   0x0000001b   Data   RO          529    .constdata          inv_mpu.o
    0x0800c827   0x0800c827   0x00000001   PAD
    0x0800c828   0x0800c828   0x0000000c   Data   RO          530    .constdata          inv_mpu.o
    0x0800c834   0x0800c834   0x00000028   Data   RO          531    .constdata          inv_mpu.o
    0x0800c85c   0x0800c85c   0x00000bf6   Data   RO          554    .constdata          inv_mpu_dmp_motion_driver.o
    0x0800d452   0x0800d452   0x00000011   Data   RO          951    .constdata          game1.o
    0x0800d463   0x0800d463   0x00000026   Data   RO          968    .constdata          game2.o
    0x0800d489   0x0800d489   0x00000003   PAD
    0x0800d48c   0x0800d48c   0x00000030   Data   RO          984    .constdata          game3.o
    0x0800d4bc   0x0800d4bc   0x0000001e   Data   RO          985    .constdata          game3.o
    0x0800d4da   0x0800d4da   0x00000005   Data   RO         1089    .constdata          menu.o
    0x0800d4df   0x0800d4df   0x00000008   Data   RO         1141    .constdata          resources.o
    0x0800d4e7   0x0800d4e7   0x0000001c   Data   RO         1142    .constdata          resources.o
    0x0800d503   0x0800d503   0x00000030   Data   RO         1143    .constdata          resources.o
    0x0800d533   0x0800d533   0x00000007   Data   RO         1144    .constdata          resources.o
    0x0800d53a   0x0800d53a   0x00000008   Data   RO         1145    .constdata          resources.o
    0x0800d542   0x0800d542   0x00000080   Data   RO         1147    .constdata          resources.o
    0x0800d5c2   0x0800d5c2   0x00000080   Data   RO         1148    .constdata          resources.o
    0x0800d642   0x0800d642   0x00000080   Data   RO         1149    .constdata          resources.o
    0x0800d6c2   0x0800d6c2   0x00000080   Data   RO         1150    .constdata          resources.o
    0x0800d742   0x0800d742   0x00000080   Data   RO         1151    .constdata          resources.o
    0x0800d7c2   0x0800d7c2   0x00000200   Data   RO         1152    .constdata          resources.o
    0x0800d9c2   0x0800d9c2   0x00000100   Data   RO         1153    .constdata          resources.o
    0x0800dac2   0x0800dac2   0x00000080   Data   RO         1154    .constdata          resources.o
    0x0800db42   0x0800db42   0x00000100   Data   RO         1155    .constdata          resources.o
    0x0800dc42   0x0800dc42   0x00000200   Data   RO         1156    .constdata          resources.o
    0x0800de42   0x0800de42   0x00000080   Data   RO         1157    .constdata          resources.o
    0x0800dec2   0x0800dec2   0x00000080   Data   RO         1158    .constdata          resources.o
    0x0800df42   0x0800df42   0x00000080   Data   RO         1159    .constdata          resources.o
    0x0800dfc2   0x0800dfc2   0x00000010   Data   RO         1160    .constdata          resources.o
    0x0800dfd2   0x0800dfd2   0x00000010   Data   RO         1163    .constdata          resources.o
    0x0800dfe2   0x0800dfe2   0x00000008   Data   RO         1165    .constdata          resources.o
    0x0800dfea   0x0800dfea   0x000001e5   Data   RO         1166    .constdata          resources.o
    0x0800e1cf   0x0800e1cf   0x0000023a   Data   RO         1167    .constdata          resources.o
    0x0800e409   0x0800e409   0x000000dc   Data   RO         1168    .constdata          resources.o
    0x0800e4e5   0x0800e4e5   0x00000012   Data   RO         1169    .constdata          resources.o
    0x0800e4f7   0x0800e4f7   0x00000024   Data   RO         1170    .constdata          resources.o
    0x0800e51b   0x0800e51b   0x00000024   Data   RO         1171    .constdata          resources.o
    0x0800e53f   0x0800e53f   0x00000080   Data   RO         1172    .constdata          resources.o
    0x0800e5bf   0x0800e5bf   0x00000080   Data   RO         1173    .constdata          resources.o
    0x0800e63f   0x0800e63f   0x00000080   Data   RO         1174    .constdata          resources.o
    0x0800e6bf   0x0800e6bf   0x00000080   Data   RO         1175    .constdata          resources.o
    0x0800e73f   0x0800e73f   0x00000080   Data   RO         1176    .constdata          resources.o
    0x0800e7bf   0x0800e7bf   0x00000080   Data   RO         1177    .constdata          resources.o
    0x0800e83f   0x0800e83f   0x00000080   Data   RO         1178    .constdata          resources.o
    0x0800e8bf   0x0800e8bf   0x00000080   Data   RO         1179    .constdata          resources.o
    0x0800e93f   0x0800e93f   0x0000000c   Data   RO         1250    .constdata          time.o
    0x0800e94b   0x0800e94b   0x00000001   PAD
    0x0800e94c   0x0800e94c   0x00001140   Data   RO         1313    .constdata          tunemaker.o
    0x0800fa8c   0x0800fa8c   0x00000010   Data   RO         1334    .constdata          tunes.o
    0x0800fa9c   0x0800fa9c   0x00000010   Data   RO         1335    .constdata          tunes.o
    0x0800faac   0x0800faac   0x00000010   Data   RO         1336    .constdata          tunes.o
    0x0800fabc   0x0800fabc   0x00000004   PAD
    0x0800fac0   0x0800fac0   0x00000050   Data   RO         1559    .constdata          m_ws.l(asin.o)
    0x0800fb10   0x0800fb10   0x00000098   Data   RO         1940    .constdata          m_ws.l(atan.o)
    0x0800fba8   0x0800fba8   0x00000030   Data   RO         1949    .constdata          m_ws.l(cos_i.o)
    0x0800fbd8   0x0800fbd8   0x00000008   Data   RO         1969    .constdata          m_ws.l(qnan.o)
    0x0800fbe0   0x0800fbe0   0x000000c8   Data   RO         1972    .constdata          m_ws.l(rred.o)
    0x0800fca8   0x0800fca8   0x00000028   Data   RO         1976    .constdata          m_ws.l(sin_i.o)
    0x0800fcd0   0x0800fcd0   0x0000004d   Data   RO          532    .conststring        inv_mpu.o
    0x0800fd1d   0x0800fd1d   0x00000003   PAD
    0x0800fd20   0x0800fd20   0x00000106   Data   RO         1474    .conststring        wifi.o
    0x0800fe26   0x0800fe26   0x00000002   PAD
    0x0800fe28   0x0800fe28   0x000000d0   Data   RO         1531    .conststring        txt_viewer.o
    0x0800fef8   0x0800fef8   0x00000020   Data   RO         2037    Region$$Table       anon$$obj.o


    Execution Region RW_IRAM1 (Exec base: 0x20000000, Load base: 0x0800ff18, Size: 0x00002838, Max: 0x00005000, ABSOLUTE, COMPRESSED[0x00000078])

    Exec Addr    Load Addr    Size         Type   Attr      Idx    E Section Name        Object

    0x20000000   COMPRESSED   0x00000014   Data   RW          386    .data               system_stm32f10x.o
    0x20000014   COMPRESSED   0x00000014   Data   RW          404    .data               led.o
    0x20000028   COMPRESSED   0x0000000c   Data   RW          493    .data               beep.o
    0x20000034   COMPRESSED   0x00000035   Data   RW          533    .data               inv_mpu.o
    0x20000069   COMPRESSED   0x00000001   Data   RW          575    .data               mpu6050.o
    0x2000006a   COMPRESSED   0x00000002   PAD
    0x2000006c   COMPRESSED   0x0000001c   Data   RW          608    .data               mpu_task.o
    0x20000088   COMPRESSED   0x00000004   Data   RW          658    .data               delay.o
    0x2000008c   COMPRESSED   0x00000002   Data   RW          690    .data               usart.o
    0x2000008e   COMPRESSED   0x00000002   PAD
    0x20000090   COMPRESSED   0x00000004   Data   RW          691    .data               usart.o
    0x20000094   COMPRESSED   0x00000014   Data   RW          742    .data               stm32f10x_rcc.o
    0x200000a8   COMPRESSED   0x00000032   Data   RW          829    .data               alarm.o
    0x200000da   COMPRESSED   0x00000002   PAD
    0x200000dc   COMPRESSED   0x00000010   Data   RW          844    .data               alarms.o
    0x200000ec   COMPRESSED   0x00000004   Data   RW          892    .data               buttons.o
    0x200000f0   COMPRESSED   0x00000008   Data   RW          906    .data               diag.o
    0x200000f8   COMPRESSED   0x00000016   Data   RW          920    .data               display.o
    0x2000010e   COMPRESSED   0x00000002   PAD
    0x20000110   COMPRESSED   0x00000014   Data   RW          952    .data               game1.o
    0x20000124   COMPRESSED   0x00000014   Data   RW          969    .data               game2.o
    0x20000138   COMPRESSED   0x00000028   Data   RW          986    .data               game3.o
    0x20000160   COMPRESSED   0x00000008   Data   RW         1033    .data               games.o
    0x20000168   COMPRESSED   0x00000008   Data   RW         1059    .data               m_display.o
    0x20000170   COMPRESSED   0x00000008   Data   RW         1074    .data               m_main.o
    0x20000178   COMPRESSED   0x00000008   Data   RW         1090    .data               menu.o
    0x20000180   COMPRESSED   0x00000002   Data   RW         1091    .data               menu.o
    0x20000182   COMPRESSED   0x00000002   PAD
    0x20000184   COMPRESSED   0x00000004   Data   RW         1110    .data               millis.o
    0x20000188   COMPRESSED   0x0000000d   Data   RW         1129    .data               normal.o
    0x20000195   COMPRESSED   0x00000003   PAD
    0x20000198   COMPRESSED   0x00000008   Data   RW         1193    .data               settings.o
    0x200001a0   COMPRESSED   0x00000008   Data   RW         1207    .data               sleep.o
    0x200001a8   COMPRESSED   0x00000008   Data   RW         1221    .data               sound.o
    0x200001b0   COMPRESSED   0x0000000c   Data   RW         1235    .data               stopwatch.o
    0x200001bc   COMPRESSED   0x00000009   Data   RW         1251    .data               time.o
    0x200001c5   COMPRESSED   0x00000003   PAD
    0x200001c8   COMPRESSED   0x00000014   Data   RW         1270    .data               timedate.o
    0x200001dc   COMPRESSED   0x00000008   Data   RW         1284    .data               torch.o
    0x200001e4   COMPRESSED   0x00000008   Data   RW         1298    .data               tune.o
    0x200001ec   COMPRESSED   0x00000010   Data   RW         1314    .data               tunemaker.o
    0x200001fc   COMPRESSED   0x00000009   Data   RW         1361    .data               pwrmgr.o
    0x20000205   COMPRESSED   0x00000001   PAD
    0x20000206   COMPRESSED   0x0000000c   Data   RW         1414    .data               gui_log_console.o
    0x20000212   COMPRESSED   0x00000001   Data   RW         1438    .data               usart2.o
    0x20000213   COMPRESSED   0x00000001   PAD
    0x20000214   COMPRESSED   0x00000004   Data   RW         1439    .data               usart2.o
    0x20000218   COMPRESSED   0x00000002   Data   RW         1458    .data               wait_data_clock.o
    0x2000021a   COMPRESSED   0x00000002   PAD
    0x2000021c   COMPRESSED   0x0000001a   Data   RW         1475    .data               wifi.o
    0x20000236   COMPRESSED   0x00000004   Data   RW         1495    .data               wifi_task.o
    0x2000023a   COMPRESSED   0x00000002   PAD
    0x2000023c   COMPRESSED   0x0000000c   Data   RW         1511    .data               wifi_cmd_task.o
    0x20000248   COMPRESSED   0x00000014   Data   RW         1532    .data               txt_viewer.o
    0x2000025c   COMPRESSED   0x00000004   Data   RW         1589    .data               mc_w.l(rand.o)
    0x20000260   COMPRESSED   0x00000004   Data   RW         2013    .data               mc_w.l(mvars.o)
    0x20000264   COMPRESSED   0x00000004   Data   RW         2014    .data               mc_w.l(mvars.o)
    0x20000268   COMPRESSED   0x00000004   Data   RW         2018    .data               mc_w.l(errno.o)
    0x2000026c        -       0x00000400   Zero   RW          435    .bss                lcd.o
    0x2000066c        -       0x00000010   Zero   RW          553    .bss                inv_mpu_dmp_motion_driver.o
    0x2000067c        -       0x00000400   Zero   RW          607    .bss                mpu_task.o
    0x20000a7c        -       0x000000c8   Zero   RW          689    .bss                usart.o
    0x20000b44        -       0x0000000c   Zero   RW          858    .bss                animation.o
    0x20000b50        -       0x0000000c   Zero   RW          872    .bss                appconfig.o
    0x20000b5c        -       0x00000030   Zero   RW          891    .bss                buttons.o
    0x20000b8c        -       0x00000010   Zero   RW          950    .bss                game1.o
    0x20000b9c        -       0x00000009   Zero   RW          967    .bss                game2.o
    0x20000ba5        -       0x00000040   Zero   RW          983    .bss                game3.o
    0x20000be5   COMPRESSED   0x00000003   PAD
    0x20000be8        -       0x00000024   Zero   RW         1088    .bss                menu.o
    0x20000c0c        -       0x00000009   Zero   RW         1249    .bss                time.o
    0x20000c15        -       0x00000218   Zero   RW         1312    .bss                tunemaker.o
    0x20000e2d        -       0x000007e8   Zero   RW         1412    .bss                gui_log_console.o
    0x20001615   COMPRESSED   0x00000003   PAD
    0x20001618        -       0x00000800   Zero   RW         1437    .bss                usart2.o
    0x20001e18        -       0x00000400   Zero   RW         1473    .bss                wifi.o
    0x20002218        -       0x0000001c   Zero   RW         1530    .bss                txt_viewer.o
    0x20002234   COMPRESSED   0x00000004   PAD
    0x20002238        -       0x00000200   Zero   RW          723    HEAP                startup_stm32f10x_md.o
    0x20002438        -       0x00000400   Zero   RW          722    STACK               startup_stm32f10x_md.o


==============================================================================

Image component sizes


      Code (inc. data)   RO Data    RW Data    ZI Data      Debug   Object Name

       632         32          0         50          0       3939   alarm.o
      1028        118          0         16          0       3926   alarms.o
       200         10          0          0         12       1736   animation.o
        36          4          0          0         12       1394   appconfig.o
       424         18          0         12          0       2597   beep.o
       472         36          0          4         48       3526   buttons.o
       152         14          0          4          0       1087   delay.o
       360        142          0          8          0       1768   diag.o
       540         18          0         22          0       3344   display.o
       844         10          0          0          0       5670   draw.o
      1380        200         17         20         16       4144   game1.o
      1064         94         38         20          9       3302   game2.o
      1004        114         78         40         64       5953   game3.o
       240        106          0          8          0       1333   games.o
        24          0          0          0          0        876   global.o
       768         26          0         12       2024       5188   gui_log_console.o
      6684        180        156         53          0      24691   inv_mpu.o
      2636        118       3062          0         16      15313   inv_mpu_dmp_motion_driver.o
       120         10          0          0       1024       1475   lcd.o
       328         24          0         20          0       3706   led.o
       616        168          0          8          0       2694   m_display.o
       392        186          0          8          0       1500   m_main.o
       340         70       1236          0          0     257103   main.o
      1052         54          5         10         36       7444   menu.o
       248         34          0          4          0       1156   millis.o
       176         14          0          0          0       1905   misc.o
       732         32          0          1          0       4620   mpu6050.o
       800         90          0         28       1024       5977   mpu_task.o
       564          8          0          0          0       2924   mpuiic.o
      1148         96          0         13          0       3463   normal.o
         4          0          0          0          0        432   oled_basic.o
        14          0          0          0          0        477   oled_config.o
       660         10          0          0          0       2087   oled_driver.o
       112          4          0          9          0       1988   pwrmgr.o
         0          0       5216          0          0       2545   resources.o
       256        124          0          8          0        952   settings.o
       232         70          0          8          0       1609   sleep.o
       348         88          0          8          0       2061   sound.o
        36          8        236          0       1536        792   startup_stm32f10x_md.o
       612         36          0          0          0       6033   stm32f10x_gpio.o
        18          0          0          0          0       1162   stm32f10x_it.o
       696         32          0         20          0       9016   stm32f10x_rcc.o
      2800         84          0          0          0      23970   stm32f10x_tim.o
       808         22          0          0          0       8900   stm32f10x_usart.o
       528         44          0         12          0       2239   stopwatch.o
         0          0          0          0          0         32   sys.o
       344         34          0         20          0       1787   system_stm32f10x.o
       468         36         12          9          9       3843   time.o
      1100        172          0         20          0       4308   timedate.o
       180         24          0          8          0       1189   torch.o
       112          8          0          8          0       1478   tune.o
       908         82       4416         16        536       3710   tunemaker.o
         0          0         48          0          0        835   tunes.o
      1432        270        208         20         28       6777   txt_viewer.o
        28          4          0          0          0        466   ui.o
       276         16          0          6        200       3242   usart.o
       352         28          0          5       2048       2341   usart2.o
        84         20          0          2          0        827   wait_data_clock.o
      2332        746        262         26       1024       4941   wifi.o
       580        222          0         12          0       3540   wifi_cmd_task.o
       384        100          0          4          0       1642   wifi_task.o

    ----------------------------------------------------------------------
     40712       4310      15036        604       9676     488975   Object Totals
         0          0         32          0          0          0   (incl. Generated)
         4          0         14         22         10          0   (incl. Padding)

    ----------------------------------------------------------------------

      Code (inc. data)   RO Data    RW Data    ZI Data      Debug   Library Member Name

       624         52         80          0          0        168   asin.o
       544         70        152          0          0        124   atan.o
       384         38          0          0          0        144   atan2.o
       252         22         48          0          0        124   cos_i.o
        38          6          0          0          0        272   dunder.o
        40          0          0          0          0         68   fpclassify.o
       170          0          0          0          0         96   poly.o
         0          0          8          0          0          0   qnan.o
       904         76        200          0          0        140   rred.o
       160         10          0          0          0        108   sin.o
       236         12         40          0          0        128   sin_i.o
        76          0          0          0          0         84   sqrt.o
        86          0          0          0          0          0   __dczerorl2.o
        28          0          0          0          0         76   calloc.o
         0          0          0          0          0          0   entry.o
         0          0          0          0          0          0   entry10a.o
         0          0          0          0          0          0   entry11a.o
         8          4          0          0          0          0   entry2.o
         4          0          0          0          0          0   entry5.o
         0          0          0          0          0          0   entry7b.o
         0          0          0          0          0          0   entry8b.o
         8          4          0          0          0          0   entry9a.o
        12          6          0          4          0         68   errno.o
        30          0          0          0          0          0   handlers.o
        36          8          0          0          0         68   init.o
         0          0          0          0          0          0   iusefp.o
        98          0          0          0          0         84   ldiv.o
        30          0          0          0          0         68   llshl.o
        36          0          0          0          0         68   llsshr.o
        32          0          0          0          0         68   llushr.o
       188         20          0          0          0        160   malloc.o
        26          0          0          0          0         80   memcmp.o
        36          0          0          0          0         68   memcpya.o
        36          0          0          0          0        108   memseta.o
         0          0          0          8          0          0   mvars.o
      2344        102          0          0          0        684   printfa.o
        36         10          0          4          0        136   rand.o
        24          0          0          0          0         68   strcat.o
        18          0          0          0          0         68   strcpy.o
        14          0          0          0          0         68   strlen.o
        36          0          0          0          0         80   strstr.o
        44          0          0          0          0         80   uidiv.o
        98          0          0          0          0         92   uldiv.o
        48          0          0          0          0         68   cdcmple.o
        48          0          0          0          0         68   cdrcmple.o
        20          0          0          0          0         68   cfcmple.o
        20          0          0          0          0         68   cfrcmple.o
        56          0          0          0          0         88   d2f.o
       334          0          0          0          0        148   dadd.o
       222          0          0          0          0        100   ddiv.o
       186          0          0          0          0        176   depilogue.o
        62          0          0          0          0         80   dfixi.o
        50          0          0          0          0         76   dfixui.o
        48          0          0          0          0         68   dfixul.o
        34          0          0          0          0         76   dflti.o
        26          0          0          0          0         76   dfltui.o
       228          0          0          0          0         96   dmul.o
        46          0          0          0          0         80   dscalb.o
       162          0          0          0          0        100   dsqrt.o
        38          0          0          0          0         68   f2d.o
       176          0          0          0          0        140   fadd.o
       124          0          0          0          0         88   fdiv.o
       110          0          0          0          0        168   fepilogue.o
        50          0          0          0          0         68   ffixi.o
        40          0          0          0          0         68   ffixui.o
        18          0          0          0          0         68   fflti.o
        10          0          0          0          0         68   ffltui.o
       100          0          0          0          0         76   fmul.o
        24          0          0          0          0         68   fscalb.o

    ----------------------------------------------------------------------
      9028        440        528         16          0       5964   Library Totals
        12          0          0          0          0          0   (incl. Padding)

    ----------------------------------------------------------------------

      Code (inc. data)   RO Data    RW Data    ZI Data      Debug   Library Name

      3428        286        528          0          0       1456   m_ws.l
      3308        154          0         16          0       2192   mc_w.l
      2280          0          0          0          0       2316   mf_w.l

    ----------------------------------------------------------------------
      9028        440        528         16          0       5964   Library Totals

    ----------------------------------------------------------------------

==============================================================================


      Code (inc. data)   RO Data    RW Data    ZI Data      Debug   

     49740       4750      15564        620       9676     485603   Grand Totals
     49740       4750      15564        120       9676     485603   ELF Image Totals (compressed)
     49740       4750      15564        120          0          0   ROM Totals

==============================================================================

    Total RO  Size (Code + RO Data)                65304 (  63.77kB)
    Total RW  Size (RW Data + ZI Data)             10296 (  10.05kB)
    Total ROM Size (Code + RO Data + RW Data)      65424 (  63.89kB)

==============================================================================

