Component: ARM Compiler 5.06 update 6 (build 750) Tool: armlink [4d35ed]

==============================================================================

Section Cross References

    main.o(.text) refers to misc.o(.text) for NVIC_PriorityGroupConfig
    main.o(.text) refers to delay.o(.text) for delay_init
    main.o(.text) refers to usart.o(.text) for uart_init
    main.o(.text) refers to buttons.o(.text) for buttons_init
    main.o(.text) refers to lcd.o(.text) for LCD_Init
    main.o(.text) refers to usart2.o(.text) for Usart2_Init
    main.o(.text) refers to wifi.o(.text) for WiFi_ResetIO_Init
    main.o(.text) refers to millis.o(.text) for millis_init
    main.o(.text) refers to gui_log_console.o(.text) for console_log
    main.o(.text) refers to stm32f10x_gpio.o(.text) for GPIO_ReadInputDataBit
    main.o(.text) refers to mpu6050.o(.text) for MPU_Init
    main.o(.text) refers to printfa.o(i.__0printf) for __2printf
    main.o(.text) refers to inv_mpu.o(.text) for mpu_dmp_init
    main.o(.text) refers to memseta.o(.text) for __aeabi_memclr
    main.o(.text) refers to appconfig.o(.text) for appconfig_init
    main.o(.text) refers to led.o(.text) for led_init
    main.o(.text) refers to beep.o(.text) for buzzer_init
    main.o(.text) refers to alarm.o(.text) for alarm_init
    main.o(.text) refers to time.o(.text) for time_init
    main.o(.text) refers to pwrmgr.o(.text) for pwrmgr_init
    main.o(.text) refers to display.o(.text) for display_set
    main.o(.text) refers to mpu_task.o(.text) for mpu_updata
    main.o(.text) refers to stopwatch.o(.text) for stopwatch_update
    main.o(.text) refers to main.o(.conststring) for .conststring
    main.o(.text) refers to usart2.o(.bss) for Usart2_RxBuff
    main.o(.text) refers to wifi.o(.bss) for Data_buff
    main.o(.text) refers to millis.o(.data) for milliseconds
    main.o(.text) refers to lcd.o(.bss) for oledBuffer
    main.o(.text) refers to normal.o(.text) for watchface_normal
    system_stm32f10x.o(.text) refers to system_stm32f10x.o(.data) for .data
    led.o(.text) refers to stm32f10x_rcc.o(.text) for RCC_APB2PeriphClockCmd
    led.o(.text) refers to stm32f10x_gpio.o(.text) for GPIO_PinRemapConfig
    led.o(.text) refers to millis.o(.text) for millis_get
    led.o(.text) refers to appconfig.o(.bss) for appConfig
    led.o(.text) refers to led.o(.data) for .data
    lcd.o(.text) refers to oled_basic.o(.text) for InitGraph
    lcd.o(.text) refers to oled_driver.o(.text) for WriteCmd
    lcd.o(.text) refers to appconfig.o(.bss) for appConfig
    lcd.o(.text) refers to lcd.o(.bss) for .bss
    beep.o(.text) refers to stm32f10x_rcc.o(.text) for RCC_APB1PeriphClockCmd
    beep.o(.text) refers to stm32f10x_gpio.o(.text) for GPIO_Init
    beep.o(.text) refers to stm32f10x_tim.o(.text) for TIM_TimeBaseInit
    beep.o(.text) refers to millis.o(.text) for millis_get
    beep.o(.text) refers to led.o(.text) for led_flash
    beep.o(.text) refers to beep.o(.data) for .data
    beep.o(.text) refers to appconfig.o(.bss) for appConfig
    yaogan.o(.text) refers to stm32f10x_rcc.o(.text) for RCC_AHBPeriphClockCmd
    yaogan.o(.text) refers to stm32f10x_dma.o(.text) for DMA_DeInit
    yaogan.o(.text) refers to stm32f10x_gpio.o(.text) for GPIO_Init
    yaogan.o(.text) refers to stm32f10x_adc.o(.text) for ADC_Init
    yaogan.o(.text) refers to dfltui.o(.text) for __aeabi_ui2d
    yaogan.o(.text) refers to dscalb.o(.text) for __ARM_scalbn
    yaogan.o(.text) refers to dmul.o(.text) for __aeabi_dmul
    yaogan.o(.text) refers to dfixui.o(.text) for __aeabi_d2uiz
    yaogan.o(.text) refers to printfa.o(i.__0printf) for __2printf
    yaogan.o(.text) refers to yaogan.o(.data) for .data
    inv_mpu.o(.text) refers to mpu6050.o(.text) for MPU_Write_Len
    inv_mpu.o(.text) refers to printfa.o(i.__0printf) for __2printf
    inv_mpu.o(.text) refers to delay.o(.text) for delay_ms
    inv_mpu.o(.text) refers to inv_mpu.o(.data) for .data
    inv_mpu.o(.text) refers to inv_mpu.o(.conststring) for .conststring
    inv_mpu.o(.text) refers to ffltui.o(.text) for __aeabi_ui2f
    inv_mpu.o(.text) refers to fflti.o(.text) for __aeabi_i2f
    inv_mpu.o(.text) refers to fadd.o(.text) for __aeabi_fsub
    inv_mpu.o(.text) refers to fdiv.o(.text) for __aeabi_fdiv
    inv_mpu.o(.text) refers to fscalb.o(.text) for __ARM_scalbnf
    inv_mpu.o(.text) refers to ffixi.o(.text) for __aeabi_f2iz
    inv_mpu.o(.text) refers to ldiv.o(.text) for __aeabi_ldivmod
    inv_mpu.o(.text) refers to memcmp.o(.text) for memcmp
    inv_mpu.o(.text) refers to fmul.o(.text) for __aeabi_fmul
    inv_mpu.o(.text) refers to inv_mpu_dmp_motion_driver.o(.text) for dmp_set_gyro_bias
    inv_mpu.o(.text) refers to mpuiic.o(.text) for MPU_IIC_Init
    inv_mpu.o(.text) refers to f2d.o(.text) for __aeabi_f2d
    inv_mpu.o(.text) refers to asin.o(i.asin) for asin
    inv_mpu.o(.text) refers to dmul.o(.text) for __aeabi_dmul
[...]
    RCC_SYSCLKConfig                         0x080039d1   Thumb Code    14  stm32f10x_rcc.o(.text)
    RCC_GetSYSCLKSource                      0x080039df   Thumb Code    10  stm32f10x_rcc.o(.text)
    RCC_HCLKConfig                           0x080039e9   Thumb Code    14  stm32f10x_rcc.o(.text)
    RCC_PCLK1Config                          0x080039f7   Thumb Code    14  stm32f10x_rcc.o(.text)
    RCC_PCLK2Config                          0x08003a05   Thumb Code    16  stm32f10x_rcc.o(.text)
    RCC_ITConfig                             0x08003a15   Thumb Code    18  stm32f10x_rcc.o(.text)
    RCC_USBCLKConfig                         0x08003a27   Thumb Code     8  stm32f10x_rcc.o(.text)
    RCC_ADCCLKConfig                         0x08003a2f   Thumb Code    14  stm32f10x_rcc.o(.text)
    RCC_LSEConfig                            0x08003a3d   Thumb Code    28  stm32f10x_rcc.o(.text)
    RCC_LSICmd                               0x08003a59   Thumb Code     6  stm32f10x_rcc.o(.text)
    RCC_RTCCLKConfig                         0x08003a5f   Thumb Code    10  stm32f10x_rcc.o(.text)
    RCC_RTCCLKCmd                            0x08003a69   Thumb Code     8  stm32f10x_rcc.o(.text)
    RCC_GetClocksFreq                        0x08003a71   Thumb Code   132  stm32f10x_rcc.o(.text)
    RCC_AHBPeriphClockCmd                    0x08003af5   Thumb Code    18  stm32f10x_rcc.o(.text)
    RCC_APB2PeriphClockCmd                   0x08003b07   Thumb Code    18  stm32f10x_rcc.o(.text)
    RCC_APB1PeriphClockCmd                   0x08003b19   Thumb Code    18  stm32f10x_rcc.o(.text)
    RCC_APB2PeriphResetCmd                   0x08003b2b   Thumb Code    18  stm32f10x_rcc.o(.text)
    RCC_APB1PeriphResetCmd                   0x08003b3d   Thumb Code    18  stm32f10x_rcc.o(.text)
    RCC_BackupResetCmd                       0x08003b4f   Thumb Code     8  stm32f10x_rcc.o(.text)
    RCC_ClockSecuritySystemCmd               0x08003b57   Thumb Code     6  stm32f10x_rcc.o(.text)
    RCC_MCOConfig                            0x08003b5d   Thumb Code     6  stm32f10x_rcc.o(.text)
    RCC_ClearFlag                            0x08003b63   Thumb Code    12  stm32f10x_rcc.o(.text)
    RCC_GetITStatus                          0x08003b6f   Thumb Code    16  stm32f10x_rcc.o(.text)
    RCC_ClearITPendingBit                    0x08003b7f   Thumb Code     6  stm32f10x_rcc.o(.text)
    USART_DeInit                             0x08003ba5   Thumb Code    96  stm32f10x_usart.o(.text)
    USART_Init                               0x08003c05   Thumb Code   166  stm32f10x_usart.o(.text)
    USART_StructInit                         0x08003cab   Thumb Code    22  stm32f10x_usart.o(.text)
    USART_ClockInit                          0x08003cc1   Thumb Code    30  stm32f10x_usart.o(.text)
    USART_ClockStructInit                    0x08003cdf   Thumb Code    12  stm32f10x_usart.o(.text)
    USART_Cmd                                0x08003ceb   Thumb Code    20  stm32f10x_usart.o(.text)
    USART_ITConfig                           0x08003cff   Thumb Code    48  stm32f10x_usart.o(.text)
    USART_DMACmd                             0x08003d2f   Thumb Code    16  stm32f10x_usart.o(.text)
    USART_SetAddress                         0x08003d3f   Thumb Code    16  stm32f10x_usart.o(.text)
    USART_WakeUpConfig                       0x08003d4f   Thumb Code    16  stm32f10x_usart.o(.text)
    USART_ReceiverWakeUpCmd                  0x08003d5f   Thumb Code    20  stm32f10x_usart.o(.text)
    USART_LINBreakDetectLengthConfig         0x08003d73   Thumb Code    16  stm32f10x_usart.o(.text)
    USART_LINCmd                             0x08003d83   Thumb Code    20  stm32f10x_usart.o(.text)
    USART_SendData                           0x08003d97   Thumb Code     8  stm32f10x_usart.o(.text)
    USART_ReceiveData                        0x08003d9f   Thumb Code     8  stm32f10x_usart.o(.text)
    USART_SendBreak                          0x08003da7   Thumb Code    10  stm32f10x_usart.o(.text)
    USART_SetGuardTime                       0x08003db1   Thumb Code    16  stm32f10x_usart.o(.text)
    USART_SetPrescaler                       0x08003dc1   Thumb Code    16  stm32f10x_usart.o(.text)
    USART_SmartCardCmd                       0x08003dd1   Thumb Code    20  stm32f10x_usart.o(.text)
    USART_SmartCardNACKCmd                   0x08003de5   Thumb Code    20  stm32f10x_usart.o(.text)
    USART_HalfDuplexCmd                      0x08003df9   Thumb Code    20  stm32f10x_usart.o(.text)
    USART_OverSampling8Cmd                   0x08003e0d   Thumb Code    20  stm32f10x_usart.o(.text)
    USART_OneBitMethodCmd                    0x08003e21   Thumb Code    20  stm32f10x_usart.o(.text)
    USART_IrDAConfig                         0x08003e35   Thumb Code    16  stm32f10x_usart.o(.text)
    USART_IrDACmd                            0x08003e45   Thumb Code    20  stm32f10x_usart.o(.text)
    USART_GetFlagStatus                      0x08003e59   Thumb Code    14  stm32f10x_usart.o(.text)
    USART_ClearFlag                          0x08003e67   Thumb Code     6  stm32f10x_usart.o(.text)
    USART_GetITStatus                        0x08003e6d   Thumb Code    62  stm32f10x_usart.o(.text)
    USART_ClearITPendingBit                  0x08003eab   Thumb Code    12  stm32f10x_usart.o(.text)
    NVIC_PriorityGroupConfig                 0x08003ecd   Thumb Code    10  misc.o(.text)
    NVIC_Init                                0x08003ed7   Thumb Code    94  misc.o(.text)
    NVIC_SetVectorTable                      0x08003f35   Thumb Code    14  misc.o(.text)
    NVIC_SystemLPConfig                      0x08003f43   Thumb Code    20  misc.o(.text)
    SysTick_CLKSourceConfig                  0x08003f57   Thumb Code    24  misc.o(.text)
    TIM_DeInit                               0x08003f7d   Thumb Code   304  stm32f10x_tim.o(.text)
    TIM_TimeBaseInit                         0x080040ad   Thumb Code   114  stm32f10x_tim.o(.text)
    TIM_OC1Init                              0x0800411f   Thumb Code   106  stm32f10x_tim.o(.text)
    TIM_OC2Init                              0x08004189   Thumb Code   120  stm32f10x_tim.o(.text)
    TIM_OC3Init                              0x08004201   Thumb Code   116  stm32f10x_tim.o(.text)
    TIM_OC4Init                              0x08004275   Thumb Code    90  stm32f10x_tim.o(.text)
    TIM_SetIC4Prescaler                      0x080042cf   Thumb Code    24  stm32f10x_tim.o(.text)
    TIM_SetIC3Prescaler                      0x080042e7   Thumb Code    16  stm32f10x_tim.o(.text)
    TIM_SetIC2Prescaler                      0x080042f7   Thumb Code    24  stm32f10x_tim.o(.text)
    TIM_SetIC1Prescaler                      0x080043b5   Thumb Code    16  stm32f10x_tim.o(.text)
    TIM_ICInit                               0x0800441d   Thumb Code   270  stm32f10x_tim.o(.text)
    TIM_PWMIConfig                           0x0800452b   Thumb Code   104  stm32f10x_tim.o(.text)
    TIM_BDTRConfig                           0x08004593   Thumb Code    34  stm32f10x_tim.o(.text)
    TIM_TimeBaseStructInit                   0x080045b5   Thumb Code    18  stm32f10x_tim.o(.text)
    TIM_OCStructInit                         0x080045c7   Thumb Code    20  stm32f10x_tim.o(.text)
    TIM_ICStructInit                         0x080045db   Thumb Code    16  stm32f10x_tim.o(.text)
    TIM_BDTRStructInit                       0x080045eb   Thumb Code    18  stm32f10x_tim.o(.text)
    TIM_Cmd                                  0x080045fd   Thumb Code    20  stm32f10x_tim.o(.text)
    TIM_CtrlPWMOutputs                       0x08004611   Thumb Code    22  stm32f10x_tim.o(.text)
    TIM_ITConfig                             0x08004627   Thumb Code    16  stm32f10x_tim.o(.text)
    TIM_GenerateEvent                        0x08004637   Thumb Code     4  stm32f10x_tim.o(.text)
    TIM_DMAConfig                            0x0800463b   Thumb Code     8  stm32f10x_tim.o(.text)
    TIM_DMACmd                               0x08004643   Thumb Code    16  stm32f10x_tim.o(.text)
    TIM_InternalClockConfig                  0x08004653   Thumb Code    10  stm32f10x_tim.o(.text)
    TIM_SelectInputTrigger                   0x0800465d   Thumb Code    12  stm32f10x_tim.o(.text)
    TIM_ITRxExternalClockConfig              0x08004669   Thumb Code    18  stm32f10x_tim.o(.text)
    TIM_TIxExternalClockConfig               0x0800467b   Thumb Code    46  stm32f10x_tim.o(.text)
    TIM_ETRConfig                            0x080046a9   Thumb Code    24  stm32f10x_tim.o(.text)
    TIM_ETRClockMode1Config                  0x080046c1   Thumb Code    18  stm32f10x_tim.o(.text)
    TIM_ETRClockMode2Config                  0x080046d3   Thumb Code    18  stm32f10x_tim.o(.text)
    TIM_PrescalerConfig                      0x080046e5   Thumb Code     6  stm32f10x_tim.o(.text)
    TIM_CounterModeConfig                    0x080046eb   Thumb Code    12  stm32f10x_tim.o(.text)
    TIM_EncoderInterfaceConfig               0x080046f7   Thumb Code    50  stm32f10x_tim.o(.text)
    TIM_ForcedOC1Config                      0x08004729   Thumb Code    12  stm32f10x_tim.o(.text)
    TIM_ForcedOC2Config                      0x08004735   Thumb Code    20  stm32f10x_tim.o(.text)
    TIM_ForcedOC3Config                      0x08004749   Thumb Code    12  stm32f10x_tim.o(.text)
    TIM_ForcedOC4Config                      0x08004755   Thumb Code    20  stm32f10x_tim.o(.text)
    TIM_ARRPreloadConfig                     0x08004769   Thumb Code    20  stm32f10x_tim.o(.text)
    TIM_SelectCOM                            0x0800477d   Thumb Code    20  stm32f10x_tim.o(.text)
    TIM_SelectCCDMA                          0x08004791   Thumb Code    20  stm32f10x_tim.o(.text)
    TIM_CCPreloadControl                     0x080047a5   Thumb Code    20  stm32f10x_tim.o(.text)
    TIM_OC1PreloadConfig                     0x080047b9   Thumb Code    32  stm32f10x_tim.o(.text)
    TIM_OC2PreloadConfig                     0x080047d9   Thumb Code    20  stm32f10x_tim.o(.text)
    TIM_OC3PreloadConfig                     0x080047ed   Thumb Code    12  stm32f10x_tim.o(.text)
    TIM_OC4PreloadConfig                     0x080047f9   Thumb Code    20  stm32f10x_tim.o(.text)
    TIM_OC1FastConfig                        0x0800480d   Thumb Code    12  stm32f10x_tim.o(.text)
    TIM_OC2FastConfig                        0x08004819   Thumb Code    20  stm32f10x_tim.o(.text)
    TIM_OC3FastConfig                        0x0800482d   Thumb Code    12  stm32f10x_tim.o(.text)
    TIM_OC4FastConfig                        0x08004839   Thumb Code    20  stm32f10x_tim.o(.text)
    TIM_ClearOC1Ref                          0x0800484d   Thumb Code    12  stm32f10x_tim.o(.text)
    TIM_ClearOC2Ref                          0x08004859   Thumb Code    20  stm32f10x_tim.o(.text)
    TIM_ClearOC3Ref                          0x0800486d   Thumb Code    12  stm32f10x_tim.o(.text)
    TIM_ClearOC4Ref                          0x08004879   Thumb Code    20  stm32f10x_tim.o(.text)
    TIM_OC1PolarityConfig                    0x0800488d   Thumb Code    12  stm32f10x_tim.o(.text)
    TIM_OC1NPolarityConfig                   0x08004899   Thumb Code    12  stm32f10x_tim.o(.text)
    TIM_OC2PolarityConfig                    0x080048a5   Thumb Code    20  stm32f10x_tim.o(.text)
    TIM_OC2NPolarityConfig                   0x080048b9   Thumb Code    20  stm32f10x_tim.o(.text)
    TIM_OC3PolarityConfig                    0x080048cd   Thumb Code    20  stm32f10x_tim.o(.text)
    TIM_OC3NPolarityConfig                   0x080048e1   Thumb Code    20  stm32f10x_tim.o(.text)
    TIM_OC4PolarityConfig                    0x080048f5   Thumb Code    20  stm32f10x_tim.o(.text)
    TIM_CCxCmd                               0x08004909   Thumb Code    22  stm32f10x_tim.o(.text)
    TIM_CCxNCmd                              0x0800491f   Thumb Code    22  stm32f10x_tim.o(.text)
    TIM_SelectOCxM                           0x08004935   Thumb Code    70  stm32f10x_tim.o(.text)
    TIM_UpdateDisableConfig                  0x0800497b   Thumb Code    20  stm32f10x_tim.o(.text)
    TIM_UpdateRequestConfig                  0x0800498f   Thumb Code    20  stm32f10x_tim.o(.text)
    TIM_SelectHallSensor                     0x080049a3   Thumb Code    20  stm32f10x_tim.o(.text)
    TIM_SelectOnePulseMode                   0x080049b7   Thumb Code    16  stm32f10x_tim.o(.text)
    TIM_SelectOutputTrigger                  0x080049c7   Thumb Code    16  stm32f10x_tim.o(.text)
    TIM_SelectSlaveMode                      0x080049d7   Thumb Code    16  stm32f10x_tim.o(.text)
    TIM_SelectMasterSlaveMode                0x080049e7   Thumb Code    16  stm32f10x_tim.o(.text)
    TIM_SetCounter                           0x080049f7   Thumb Code     4  stm32f10x_tim.o(.text)
    TIM_SetAutoreload                        0x080049fb   Thumb Code     4  stm32f10x_tim.o(.text)
    TIM_SetCompare1                          0x080049ff   Thumb Code     4  stm32f10x_tim.o(.text)
    TIM_SetCompare2                          0x08004a03   Thumb Code     4  stm32f10x_tim.o(.text)
    TIM_SetCompare3                          0x08004a07   Thumb Code     4  stm32f10x_tim.o(.text)
    TIM_SetCompare4                          0x08004a0b   Thumb Code     6  stm32f10x_tim.o(.text)
    TIM_SetClockDivision                     0x08004a11   Thumb Code    16  stm32f10x_tim.o(.text)
    TIM_GetCapture1                          0x08004a21   Thumb Code     4  stm32f10x_tim.o(.text)
    TIM_GetCapture2                          0x08004a25   Thumb Code     4  stm32f10x_tim.o(.text)
    TIM_GetCapture3                          0x08004a29   Thumb Code     4  stm32f10x_tim.o(.text)
    TIM_GetCapture4                          0x08004a2d   Thumb Code     6  stm32f10x_tim.o(.text)
    TIM_GetCounter                           0x08004a33   Thumb Code     4  stm32f10x_tim.o(.text)
    TIM_GetPrescaler                         0x08004a37   Thumb Code     4  stm32f10x_tim.o(.text)
    TIM_GetFlagStatus                        0x08004a3b   Thumb Code    14  stm32f10x_tim.o(.text)
    TIM_ClearFlag                            0x08004a49   Thumb Code     6  stm32f10x_tim.o(.text)
    TIM_GetITStatus                          0x08004a4f   Thumb Code    24  stm32f10x_tim.o(.text)
    TIM_ClearITPendingBit                    0x08004a67   Thumb Code     6  stm32f10x_tim.o(.text)
    alarm_get                                0x08004a6d   Thumb Code    18  alarm.o(.text)
    alarm_init                               0x08004b19   Thumb Code     2  alarm.o(.text)
    alarm_reset                              0x08004b1b   Thumb Code     8  alarm.o(.text)
    alarm_getNext                            0x08004b23   Thumb Code    26  alarm.o(.text)
    alarm_getNextDay                         0x08004b3d   Thumb Code     8  alarm.o(.text)
    alarm_save                               0x08004b45   Thumb Code    18  alarm.o(.text)
    alarm_update                             0x08004bcf   Thumb Code   132  alarm.o(.text)
    alarm_updateNextAlarm                    0x08004c53   Thumb Code     2  alarm.o(.text)
    mAlarmsOpen                              0x08004fd3   Thumb Code    44  alarms.o(.text)
    animation_init                           0x080050e9   Thumb Code    10  animation.o(.text)
    animation_update                         0x080050f3   Thumb Code   120  animation.o(.text)
    animation_start                          0x0800516b   Thumb Code    34  animation.o(.text)
    animation_active                         0x0800518d   Thumb Code     6  animation.o(.text)
    animation_movingOn                       0x08005193   Thumb Code    14  animation.o(.text)
    animation_offsetY                        0x080051a1   Thumb Code     6  animation.o(.text)
    appconfig_save                           0x080051b1   Thumb Code     2  appconfig.o(.text)
    appconfig_reset                          0x080051b3   Thumb Code    28  appconfig.o(.text)
    appconfig_init                           0x080051cf   Thumb Code     2  appconfig.o(.text)
    buttons_startup                          0x080051d5   Thumb Code    72  buttons.o(.text)
    buttons_init                             0x0800521d   Thumb Code    22  buttons.o(.text)
    buttons_update                           0x08005233   Thumb Code    92  buttons.o(.text)
    buttons_shutdown                         0x0800528f   Thumb Code     2  buttons.o(.text)
    buttons_setFunc                          0x08005291   Thumb Code    12  buttons.o(.text)
    buttons_setFuncs                         0x0800529d   Thumb Code    10  buttons.o(.text)
    buttons_isActive                         0x080052a7   Thumb Code    58  buttons.o(.text)
    buttons_wake                             0x080052e1   Thumb Code    44  buttons.o(.text)
    mDiagOpen                                0x08005453   Thumb Code    44  diag.o(.text)
    display_set                              0x0800550d   Thumb Code     6  display.o(.text)
    display_load                             0x08005513   Thumb Code    12  display.o(.text)
    display_setDrawFunc                      0x0800551f   Thumb Code    10  display.o(.text)
    display_update                           0x08005667   Thumb Code   124  display.o(.text)
    display_startCRTAnim                     0x080056e3   Thumb Code    52  display.o(.text)
    draw_bitmap                              0x08005729   Thumb Code   308  draw.o(.text)
    draw_string                              0x0800585d   Thumb Code   120  draw.o(.text)
    draw_string_P                            0x080058d5   Thumb Code    54  draw.o(.text)
    draw_clearArea                           0x0800590b   Thumb Code    16  draw.o(.text)
    draw_end                                 0x0800591b   Thumb Code     4  draw.o(.text)
    game1_draw                               0x0800596b   Thumb Code   762  game1.o(.text)
    game1_start                              0x08005c65   Thumb Code    82  game1.o(.text)
    game2_start                              0x08006089   Thumb Code    72  game2.o(.text)
    draw_bitmap_set                          0x0800612d   Thumb Code    26  game3.o(.text)
    draw_bitmap_s2                           0x08006147   Thumb Code    26  game3.o(.text)
    game3_start                              0x080063ed   Thumb Code    74  game3.o(.text)
    _DrawPoint                               0x08006437   Thumb Code    34  game3.o(.text)
    mGamesOpen                               0x08006559   Thumb Code    44  games.o(.text)
    global_init                              0x080065d9   Thumb Code     2  global.o(.text)
    global_update                            0x080065db   Thumb Code     2  global.o(.text)
    div10                                    0x080065dd   Thumb Code     8  global.o(.text)
    mod10                                    0x080065e5   Thumb Code    12  global.o(.text)
    mDisplayOpen                             0x080066dd   Thumb Code    50  m_display.o(.text)
    mMainOpen                                0x080068c1   Thumb Code    22  m_main.o(.text)
    menu_select                              0x08006995   Thumb Code    40  menu.o(.text)
    menu_down                                0x080069bd   Thumb Code    14  menu.o(.text)
    menu_up                                  0x080069cb   Thumb Code    14  menu.o(.text)
    menu_draw                                0x08006ae1   Thumb Code   128  menu.o(.text)
    beginAnimation                           0x08006b61   Thumb Code     6  menu.o(.text)
    setMenuOption                            0x08006b67   Thumb Code   158  menu.o(.text)
    setMenuOption_P                          0x08006c05   Thumb Code    40  menu.o(.text)
    menu_isOpen                              0x08006c2d   Thumb Code     6  menu.o(.text)
    menu_close                               0x08006c33   Thumb Code    22  menu.o(.text)
    setPrevMenuOpen                          0x08006c49   Thumb Code    18  menu.o(.text)
    exitSelected                             0x08006c5b   Thumb Code    20  menu.o(.text)
    setPrevMenuExit                          0x08006c6f   Thumb Code    30  menu.o(.text)
    back                                     0x08006c8d   Thumb Code    12  menu.o(.text)
    addBackOption                            0x08006c99   Thumb Code    18  menu.o(.text)
    beginAnimation2                          0x08006cab   Thumb Code     6  menu.o(.text)
    setMenuInfo                              0x08006cb1   Thumb Code    30  menu.o(.text)
    setMenuFuncs                             0x08006ccf   Thumb Code    14  menu.o(.text)
    nextOption                               0x08006cf9   Thumb Code    22  menu.o(.text)
    prevOption                               0x08006d0f   Thumb Code    22  menu.o(.text)
    doAction                                 0x08006d25   Thumb Code    12  menu.o(.text)
    millis_init                              0x08006db1   Thumb Code   112  millis.o(.text)
    millis_get                               0x08006e21   Thumb Code     6  millis.o(.text)
    TIM3_IRQHandler                          0x08006e27   Thumb Code    96  millis.o(.text)
    watchface_normal                         0x08007241   Thumb Code    30  normal.o(.text)
    mSettingsOpen                            0x0800737d   Thumb Code    44  settings.o(.text)
    mSleepOpen                               0x08007495   Thumb Code    50  sleep.o(.text)
    mSoundOpen                               0x08007599   Thumb Code    50  sound.o(.text)
    stopwatch_open                           0x08007811   Thumb Code    28  stopwatch.o(.text)
    stopwatch_active                         0x0800782d   Thumb Code    12  stopwatch.o(.text)
    stopwatch_update                         0x08007839   Thumb Code    36  stopwatch.o(.text)
    time_wake                                0x08007891   Thumb Code    20  time.o(.text)
    time_init                                0x080078a5   Thumb Code     2  time.o(.text)
    time_sleep                               0x080078a7   Thumb Code     8  time.o(.text)
    time_shutdown                            0x080078af   Thumb Code     8  time.o(.text)
    time_timeMode                            0x080078b7   Thumb Code    76  time.o(.text)
    time_set                                 0x08007903   Thumb Code    42  time.o(.text)
    time_isLeapYear                          0x0800792d   Thumb Code    12  time.o(.text)
    time_dow                                 0x08007939   Thumb Code    92  time.o(.text)
    time_monthDayCount                       0x08007995   Thumb Code    24  time.o(.text)
    time_timeStr                             0x080079ad   Thumb Code    26  time.o(.text)
    time_update                              0x080079c7   Thumb Code   122  time.o(.text)
    mTimeDateOpen                            0x08007d9d   Thumb Code    72  timedate.o(.text)
    torch_open                               0x08007f2b   Thumb Code    34  torch.o(.text)
    tune_play                                0x08007f99   Thumb Code    28  tune.o(.text)
    tune_stop                                0x08007fb5   Thumb Code    24  tune.o(.text)
    OLED_DrawPoint                           0x08008081   Thumb Code    42  tunemaker.o(.text)
    OLED_DrawLine                            0x080080ab   Thumb Code   148  tunemaker.o(.text)
    __SysTick                                0x0800813f   Thumb Code    20  tunemaker.o(.text)
    tunemakerOpen                            0x080082d9   Thumb Code    48  tunemaker.o(.text)
    drawBattery                              0x08008359   Thumb Code    24  ui.o(.text)
    pwrmgr_init                              0x08008375   Thumb Code    10  pwrmgr.o(.text)
    pwrmgr_update                            0x0800837f   Thumb Code    76  pwrmgr.o(.text)
    pwrmgr_userActive                        0x080083cb   Thumb Code    14  pwrmgr.o(.text)
    InitGraph                                0x080083dd   Thumb Code     4  oled_basic.o(.text)
    ClearScreen                              0x080083e1   Thumb Code     6  oled_basic.o(.text)
    UpdateScreen                             0x080083e7   Thumb Code     4  oled_basic.o(.text)
    FillByte                                 0x080083eb   Thumb Code    48  oled_basic.o(.text)
    FillRect                                 0x0800841b   Thumb Code   184  oled_basic.o(.text)
    FillVerticalLine                         0x080084d3   Thumb Code   142  oled_basic.o(.text)
    mySqrt                                   0x08008561   Thumb Code    32  oled_basic.o(.text)
    sqrt_16                                  0x08008581   Thumb Code    54  oled_basic.o(.text)
    SetAngle                                 0x08008681   Thumb Code    46  oled_basic.o(.text)
    SetAnggleDir                             0x080086af   Thumb Code     8  oled_basic.o(.text)
    SetRotateCenter                          0x080086b7   Thumb Code    10  oled_basic.o(.text)
    SetRotateValue                           0x080086c1   Thumb Code    22  oled_basic.o(.text)
    GetRotateXY                              0x080086d7   Thumb Code    50  oled_basic.o(.text)
    FloodFill                                0x08008709   Thumb Code    96  oled_basic.o(.text)
    GetLengthUp                              0x08008769   Thumb Code    40  oled_basic.o(.text)
    GetLengthDown                            0x08008791   Thumb Code    42  oled_basic.o(.text)
    FloodFill2                               0x080087bb   Thumb Code   134  oled_basic.o(.text)
    pgm_read_byte                            0x08008841   Thumb Code     4  oled_basic.o(.text)
    oled_pow                                 0x08008845   Thumb Code    16  oled_basic.o(.text)
    FrameRateUpdateScreen                    0x08008855   Thumb Code    38  oled_basic.o(.text)
    WaitTimeMs                               0x0800887b   Thumb Code    10  oled_basic.o(.text)
    UpdateScreenPiece                        0x08008885   Thumb Code     2  oled_basic.o(.text)
    SetTempBuffer                            0x080088a1   Thumb Code     8  oled_buffer.o(.text)
    SetScreenBuffer                          0x080088a9   Thumb Code     8  oled_buffer.o(.text)
    GetSelectedBuffer                        0x080088b1   Thumb Code     6  oled_buffer.o(.text)
    ReadByteBuffer                           0x080088b7   Thumb Code    20  oled_buffer.o(.text)
    WriteByteBuffer                          0x080088cb   Thumb Code    20  oled_buffer.o(.text)
    SetPointBuffer                           0x080088df   Thumb Code    68  oled_buffer.o(.text)
    GetPointBuffer                           0x08008923   Thumb Code    54  oled_buffer.o(.text)
    UpdateScreenDisplay                      0x08008959   Thumb Code     4  oled_buffer.o(.text)
    ClearScreenBuffer                        0x0800895d   Thumb Code    12  oled_buffer.o(.text)
    ClearTempBuffer                          0x08008969   Thumb Code    10  oled_buffer.o(.text)
    TempBufferFunc                           0x08008973   Thumb Code   108  oled_buffer.o(.text)
    SetDrawColor                             0x080089ed   Thumb Code     6  oled_color.o(.text)
    GetDrawColor                             0x080089f3   Thumb Code     6  oled_color.o(.text)
    SetFillcolor                             0x080089f9   Thumb Code     6  oled_color.o(.text)
    GetFillColor                             0x080089ff   Thumb Code     6  oled_color.o(.text)
    DriverInit                               0x08008a09   Thumb Code    14  oled_config.o(.text)
    UpdateScreenBuffer                       0x08008a17   Thumb Code     6  oled_config.o(.text)
    UpdateTempBuffer                         0x08008a1d   Thumb Code     6  oled_config.o(.text)
    OledTimeMsFunc                           0x08008a23   Thumb Code    14  oled_config.o(.text)
    SW_SPI_Configuration                     0x08008a3d   Thumb Code   126  oled_driver.o(.text)
    WriteCmd                                 0x08008abb   Thumb Code   100  oled_driver.o(.text)
    WriteDat                                 0x08008b1f   Thumb Code   100  oled_driver.o(.text)
    OLED_FILL                                0x08008b83   Thumb Code    56  oled_driver.o(.text)
    OLED_CLS                                 0x08008bbb   Thumb Code    52  oled_driver.o(.text)
    OLED_Init                                0x08008bef   Thumb Code   176  oled_driver.o(.text)
    OLED_ON                                  0x08008c9f   Thumb Code    22  oled_driver.o(.text)
    OLED_OFF                                 0x08008cb5   Thumb Code    22  oled_driver.o(.text)
    gui_print_s                              0x08008cd5   Thumb Code    18  gui_log_console.o(.text)
    up_line                                  0x08008ce7   Thumb Code    22  gui_log_console.o(.text)
    down_line                                0x08008cfd   Thumb Code    22  gui_log_console.o(.text)
    console_loop_show                        0x08008d13   Thumb Code    76  gui_log_console.o(.text)
    strcopy_cnt                              0x08008d5f   Thumb Code    24  gui_log_console.o(.text)
    find_huanhang_str_idx                    0x08008d77   Thumb Code    28  gui_log_console.o(.text)
    console_log                              0x08008d93   Thumb Code   366  gui_log_console.o(.text)
    Usart2_Init                              0x08008f19   Thumb Code   176  usart2.o(.text)
    u2_printf                                0x08008fc9   Thumb Code    60  usart2.o(.text)
    u2_TxData                                0x08009005   Thumb Code    38  usart2.o(.text)
    USART2_IRQHandler                        0x0800902b   Thumb Code    50  usart2.o(.text)
    wifi_wait_data_hander                    0x08009079   Thumb Code    64  wait_data_clock.o(.text)
    WiFi_ResetIO_Init                        0x080090cd   Thumb Code    52  wifi.o(.text)
    deep_sleep                               0x08009101   Thumb Code    24  wifi.o(.text)
    light_sleep                              0x08009119   Thumb Code    24  wifi.o(.text)
    cmd_state                                0x08009131   Thumb Code   186  wifi.o(.text)
    Find_string                              0x080091eb   Thumb Code    68  wifi.o(.text)
    show_time_data                           0x0800922f   Thumb Code    98  wifi.o(.text)
    updata_time_data                         0x08009291   Thumb Code   250  wifi.o(.text)
    connect_my_phone                         0x0800938b   Thumb Code   188  wifi.o(.text)
    show_wather_data                         0x08009447   Thumb Code    94  wifi.o(.text)
    get_weather_cmd                          0x080094a5   Thumb Code   684  wifi.o(.text)
    reset_wifi_cmd                           0x08009751   Thumb Code    82  wifi.o(.text)
    wifi_test_open                           0x080098b7   Thumb Code    50  wifi_task.o(.text)
    WiFi_CMD_updata                          0x0800998b   Thumb Code    56  wifi_cmd_task.o(.text)
    cmd5                                     0x080099c3   Thumb Code     4  wifi_cmd_task.o(.text)
    cmd4                                     0x080099c7   Thumb Code     4  wifi_cmd_task.o(.text)
    cmd3                                     0x080099cb   Thumb Code     4  wifi_cmd_task.o(.text)
    cmd2                                     0x080099cf   Thumb Code     4  wifi_cmd_task.o(.text)
    cmd1                                     0x080099d3   Thumb Code     4  wifi_cmd_task.o(.text)
    wifi_comd_open                           0x08009a47   Thumb Code    56  wifi_cmd_task.o(.text)
    __aeabi_ldivmod                          0x08009b19   Thumb Code    98  ldiv.o(.text)
    rand                                     0x08009b7d   Thumb Code    20  rand.o(.text)
    srand                                    0x08009b91   Thumb Code     6  rand.o(.text)
    __aeabi_memcpy                           0x08009ba1   Thumb Code    36  memcpya.o(.text)
    __aeabi_memcpy4                          0x08009ba1   Thumb Code     0  memcpya.o(.text)
    __aeabi_memcpy8                          0x08009ba1   Thumb Code     0  memcpya.o(.text)
    __aeabi_memset                           0x08009bc5   Thumb Code    14  memseta.o(.text)
    __aeabi_memset4                          0x08009bc5   Thumb Code     0  memseta.o(.text)
    __aeabi_memset8                          0x08009bc5   Thumb Code     0  memseta.o(.text)
    __aeabi_memclr                           0x08009bd3   Thumb Code     4  memseta.o(.text)
    __aeabi_memclr4                          0x08009bd3   Thumb Code     0  memseta.o(.text)
    __aeabi_memclr8                          0x08009bd3   Thumb Code     0  memseta.o(.text)
    _memset$wrapper                          0x08009bd7   Thumb Code    18  memseta.o(.text)
    strcat                                   0x08009be9   Thumb Code    24  strcat.o(.text)
    strstr                                   0x08009c01   Thumb Code    36  strstr.o(.text)
    strlen                                   0x08009c25   Thumb Code    14  strlen.o(.text)
    memcmp                                   0x08009c33   Thumb Code    26  memcmp.o(.text)
    strcpy                                   0x08009c4d   Thumb Code    18  strcpy.o(.text)
    calloc                                   0x08009c5f   Thumb Code    28  calloc.o(.text)
    __aeabi_fadd                             0x08009c7b   Thumb Code   164  fadd.o(.text)
    __aeabi_fsub                             0x08009d1f   Thumb Code     6  fadd.o(.text)
    __aeabi_frsub                            0x08009d25   Thumb Code     6  fadd.o(.text)
    __aeabi_fmul                             0x08009d2b   Thumb Code   100  fmul.o(.text)
    __aeabi_fdiv                             0x08009d8f   Thumb Code   124  fdiv.o(.text)
    __ARM_scalbnf                            0x08009e0b   Thumb Code    24  fscalb.o(.text)
    scalbnf                                  0x08009e0b   Thumb Code     0  fscalb.o(.text)
    __aeabi_dadd                             0x08009e23   Thumb Code   322  dadd.o(.text)
    __aeabi_dsub                             0x08009f65   Thumb Code     6  dadd.o(.text)
    __aeabi_drsub                            0x08009f6b   Thumb Code     6  dadd.o(.text)
    __aeabi_dmul                             0x08009f71   Thumb Code   228  dmul.o(.text)
    __aeabi_ddiv                             0x0800a055   Thumb Code   222  ddiv.o(.text)
    __ARM_scalbn                             0x0800a133   Thumb Code    46  dscalb.o(.text)
    scalbn                                   0x0800a133   Thumb Code     0  dscalb.o(.text)
    __aeabi_i2f                              0x0800a161   Thumb Code    18  fflti.o(.text)
    __aeabi_ui2f                             0x0800a173   Thumb Code    10  ffltui.o(.text)
    __aeabi_i2d                              0x0800a17d   Thumb Code    34  dflti.o(.text)
    __aeabi_ui2d                             0x0800a19f   Thumb Code    26  dfltui.o(.text)
    __aeabi_f2iz                             0x0800a1b9   Thumb Code    50  ffixi.o(.text)
    __aeabi_f2uiz                            0x0800a1eb   Thumb Code    40  ffixui.o(.text)
    __aeabi_d2iz                             0x0800a213   Thumb Code    62  dfixi.o(.text)
    __aeabi_d2uiz                            0x0800a251   Thumb Code    50  dfixui.o(.text)
    __aeabi_f2d                              0x0800a283   Thumb Code    38  f2d.o(.text)
    __aeabi_cdcmpeq                          0x0800a2a9   Thumb Code     0  cdcmple.o(.text)
    __aeabi_cdcmple                          0x0800a2a9   Thumb Code    48  cdcmple.o(.text)
    __aeabi_d2f                              0x0800a2d9   Thumb Code    56  d2f.o(.text)
    __aeabi_cfcmpeq                          0x0800a311   Thumb Code     0  cfcmple.o(.text)
    __aeabi_cfcmple                          0x0800a311   Thumb Code    20  cfcmple.o(.text)
    __aeabi_cfrcmple                         0x0800a325   Thumb Code    20  cfrcmple.o(.text)
    __aeabi_uidiv                            0x0800a339   Thumb Code     0  uidiv.o(.text)
    __aeabi_uidivmod                         0x0800a339   Thumb Code    44  uidiv.o(.text)
    __aeabi_uldivmod                         0x0800a365   Thumb Code    98  uldiv.o(.text)
    __aeabi_llsl                             0x0800a3c7   Thumb Code    30  llshl.o(.text)
    _ll_shift_l                              0x0800a3c7   Thumb Code     0  llshl.o(.text)
    __aeabi_llsr                             0x0800a3e5   Thumb Code    32  llushr.o(.text)
    _ll_ushift_r                             0x0800a3e5   Thumb Code     0  llushr.o(.text)
    __aeabi_lasr                             0x0800a405   Thumb Code    36  llsshr.o(.text)
    _ll_sshift_r                             0x0800a405   Thumb Code     0  llsshr.o(.text)
    __I$use$fp                               0x0800a429   Thumb Code     0  iusefp.o(.text)
    _float_round                             0x0800a429   Thumb Code    18  fepilogue.o(.text)
    _float_epilogue                          0x0800a43b   Thumb Code    92  fepilogue.o(.text)
    _double_round                            0x0800a497   Thumb Code    30  depilogue.o(.text)
    _double_epilogue                         0x0800a4b5   Thumb Code   156  depilogue.o(.text)
    __aeabi_d2ulz                            0x0800a551   Thumb Code    48  dfixul.o(.text)
    __aeabi_cdrcmple                         0x0800a581   Thumb Code    48  cdrcmple.o(.text)
    __scatterload                            0x0800a5b1   Thumb Code    28  init.o(.text)
    __scatterload_rt2                        0x0800a5b1   Thumb Code     0  init.o(.text)
    _dsqrt                                   0x0800a5d5   Thumb Code   162  dsqrt.o(.text)
    __decompress                             0x0800a677   Thumb Code     0  __dczerorl2.o(.text)
    __decompress1                            0x0800a677   Thumb Code    86  __dczerorl2.o(.text)
    __0printf                                0x0800a6cd   Thumb Code    22  printfa.o(i.__0printf)
    __1printf                                0x0800a6cd   Thumb Code     0  printfa.o(i.__0printf)
    __2printf                                0x0800a6cd   Thumb Code     0  printfa.o(i.__0printf)
    __c89printf                              0x0800a6cd   Thumb Code     0  printfa.o(i.__0printf)
    printf                                   0x0800a6cd   Thumb Code     0  printfa.o(i.__0printf)
    __0sprintf                               0x0800a6ed   Thumb Code    34  printfa.o(i.__0sprintf)
    __1sprintf                               0x0800a6ed   Thumb Code     0  printfa.o(i.__0sprintf)
    __2sprintf                               0x0800a6ed   Thumb Code     0  printfa.o(i.__0sprintf)
    __c89sprintf                             0x0800a6ed   Thumb Code     0  printfa.o(i.__0sprintf)
    sprintf                                  0x0800a6ed   Thumb Code     0  printfa.o(i.__0sprintf)
    __0vsprintf                              0x0800a715   Thumb Code    30  printfa.o(i.__0vsprintf)
    __1vsprintf                              0x0800a715   Thumb Code     0  printfa.o(i.__0vsprintf)
    __2vsprintf                              0x0800a715   Thumb Code     0  printfa.o(i.__0vsprintf)
    __c89vsprintf                            0x0800a715   Thumb Code     0  printfa.o(i.__0vsprintf)
    vsprintf                                 0x0800a715   Thumb Code     0  printfa.o(i.__0vsprintf)
    __ARM_fpclassify                         0x0800a739   Thumb Code    40  fpclassify.o(i.__ARM_fpclassify)
    __ieee754_rem_pio2                       0x0800a761   Thumb Code   828  rred.o(i.__ieee754_rem_pio2)
    __kernel_cos                             0x0800aae9   Thumb Code   230  cos_i.o(i.__kernel_cos)
    __kernel_poly                            0x0800abe5   Thumb Code   170  poly.o(i.__kernel_poly)
    __kernel_sin                             0x0800ac91   Thumb Code   224  sin_i.o(i.__kernel_sin)
    __mathlib_dbl_infnan                     0x0800ad7d   Thumb Code     6  dunder.o(i.__mathlib_dbl_infnan)
    __mathlib_dbl_infnan2                    0x0800ad83   Thumb Code     4  dunder.o(i.__mathlib_dbl_infnan2)
    __mathlib_dbl_invalid                    0x0800ad87   Thumb Code    12  dunder.o(i.__mathlib_dbl_invalid)
    __mathlib_dbl_underflow                  0x0800ad95   Thumb Code    10  dunder.o(i.__mathlib_dbl_underflow)
    __scatterload_copy                       0x0800ada5   Thumb Code    14  handlers.o(i.__scatterload_copy)
    __scatterload_null                       0x0800adb3   Thumb Code     2  handlers.o(i.__scatterload_null)
    __scatterload_zeroinit                   0x0800adb5   Thumb Code    14  handlers.o(i.__scatterload_zeroinit)
    __set_errno                              0x0800adc5   Thumb Code     6  errno.o(i.__set_errno)
    asin                                     0x0800b68d   Thumb Code   572  asin.o(i.asin)
    atan                                     0x0800b8fd   Thumb Code   474  atan.o(i.atan)
    atan2                                    0x0800bb1d   Thumb Code   346  atan2.o(i.atan2)
    cos                                      0x0800bc9d   Thumb Code   148  cos.o(i.cos)
    free                                     0x0800bd39   Thumb Code    76  malloc.o(i.free)
    malloc                                   0x0800bd89   Thumb Code    92  malloc.o(i.malloc)
    sin                                      0x0800bdf5   Thumb Code   150  sin.o(i.sin)
    sqrt                                     0x0800be95   Thumb Code    76  sqrt.o(i.sqrt)
    STAY                                     0x0800bee0   Data         236  main.o(.constdata)
    TUNE                                     0x0800bfcc   Data        1000  main.o(.constdata)
    reg                                      0x0800c3b4   Data          27  inv_mpu.o(.constdata)
    hw                                       0x0800c3d0   Data          12  inv_mpu.o(.constdata)
    test                                     0x0800c3dc   Data          40  inv_mpu.o(.constdata)
    menuBack                                 0x0800d082   Data           5  menu.o(.constdata)
    dowChars                                 0x0800d087   Data           8  resources.o(.constdata)
    days                                     0x0800d08f   Data          28  resources.o(.constdata)
    months                                   0x0800d0ab   Data          48  resources.o(.constdata)
    livesImg                                 0x0800d0db   Data           7  resources.o(.constdata)
    stopwatch                                0x0800d0e2   Data           8  resources.o(.constdata)
    menu_tunemaker                           0x0800d0ea   Data         128  resources.o(.constdata)
    menu_timedate                            0x0800d16a   Data         128  resources.o(.constdata)
    menu_sleep                               0x0800d1ea   Data         128  resources.o(.constdata)
    menu_sound                               0x0800d26a   Data         128  resources.o(.constdata)
    menu_games                               0x0800d2ea   Data         128  resources.o(.constdata)
    menu_brightness                          0x0800d36a   Data         512  resources.o(.constdata)
    menu_LEDs                                0x0800d56a   Data         256  resources.o(.constdata)
    menu_invert                              0x0800d66a   Data         128  resources.o(.constdata)
    menu_anim                                0x0800d6ea   Data         256  resources.o(.constdata)
    menu_volume                              0x0800d7ea   Data         512  resources.o(.constdata)
    menu_rotate                              0x0800d9ea   Data         128  resources.o(.constdata)
    menu_display                             0x0800da6a   Data         128  resources.o(.constdata)
    menu_sleeptimeout                        0x0800daea   Data         128  resources.o(.constdata)
    usbIcon                                  0x0800db6a   Data          16  resources.o(.constdata)
    battIconHigh                             0x0800db7a   Data          16  resources.o(.constdata)
    chargeIcon                               0x0800db8a   Data           8  resources.o(.constdata)
    smallFont                                0x0800db92   Data         485  resources.o(.constdata)
    midFont                                  0x0800dd77   Data         570  resources.o(.constdata)
    small2Font                               0x0800dfb1   Data         220  resources.o(.constdata)
    colon                                    0x0800e08d   Data          18  resources.o(.constdata)
    selectbar_top                            0x0800e09f   Data          36  resources.o(.constdata)
    selectbar_bottom                         0x0800e0c3   Data          36  resources.o(.constdata)
    menu_alarm                               0x0800e0e7   Data         128  resources.o(.constdata)
    menu_default                             0x0800e167   Data         128  resources.o(.constdata)
    menu_stopwatch                           0x0800e1e7   Data         128  resources.o(.constdata)
    menu_torch                               0x0800e267   Data         128  resources.o(.constdata)
    menu_settings                            0x0800e2e7   Data         128  resources.o(.constdata)
    menu_diagnostic                          0x0800e367   Data         128  resources.o(.constdata)
    menu_exit                                0x0800e3e7   Data         128  resources.o(.constdata)
    menu_setfps                              0x0800e467   Data         128  resources.o(.constdata)
    tuneBtn1                                 0x0800f634   Data          16  tunes.o(.constdata)
    tuneBtn2                                 0x0800f644   Data          16  tunes.o(.constdata)
    tuneBtn3                                 0x0800f654   Data          16  tunes.o(.constdata)
    __mathlib_zero                           0x0800f780   Data           8  qnan.o(.constdata)
    Region$$Table$$Base                      0x0800fa14   Number         0  anon$$obj.o(Region$$Table)
    Region$$Table$$Limit                     0x0800fa34   Number         0  anon$$obj.o(Region$$Table)
    SystemCoreClock                          0x20000000   Data           4  system_stm32f10x.o(.data)
    AHBPrescTable                            0x20000004   Data          16  system_stm32f10x.o(.data)
    imu_run                                  0x20000068   Data           1  mpu_task.o(.data)
    delta                                    0x20000069   Data           1  mpu_task.o(.data)
    point_delta                              0x2000006a   Data           1  mpu_task.o(.data)
    pitch                                    0x20000074   Data           4  mpu_task.o(.data)
    roll                                     0x20000078   Data           4  mpu_task.o(.data)
    yaw                                      0x2000007c   Data           4  mpu_task.o(.data)
    USART_RX_STA                             0x20000084   Data           2  usart.o(.data)
    __stdout                                 0x20000088   Data           4  usart.o(.data)
    MY_FPS                                   0x200000f0   Data           1  display.o(.data)
    lives                                    0x20000134   Data           4  game3.o(.data)
    setting                                  0x20000170   Data           2  menu.o(.data)
    milliseconds                             0x20000174   Data           4  millis.o(.data)
    update                                   0x200001ac   Data           1  time.o(.data)
    timeDate                                 0x200001ad   Data           8  time.o(.data)
    iAng                                     0x200001dc   Data           1  tunemaker.o(.data)
    x1                                       0x200001dd   Data           1  tunemaker.o(.data)
    x2                                       0x200001de   Data           1  tunemaker.o(.data)
    y1                                       0x200001df   Data           1  tunemaker.o(.data)
    y2                                       0x200001e0   Data           1  tunemaker.o(.data)
    Cnt                                      0x200001e4   Data           4  tunemaker.o(.data)
    Cntv                                     0x200001e8   Data           4  tunemaker.o(.data)
    keep_on                                  0x200001ec   Data           1  pwrmgr.o(.data)
    _RoateValue                              0x200001f8   Data          16  oled_basic.o(.data)
    OledTimeMs                               0x2000020c   Data           4  oled_config.o(.data)
    new_line_flag                            0x20000210   Data           1  gui_log_console.o(.data)
    show_last_line_ldx                       0x20000213   Data           1  gui_log_console.o(.data)
    now_str_length                           0x20000214   Data           1  gui_log_console.o(.data)
    Usart2_RxCompleted                       0x20000215   Data           1  usart2.o(.data)
    Usart2_RxCounter                         0x20000218   Data           4  usart2.o(.data)
    is_wifi_data_start                       0x2000021c   Data           1  wait_data_clock.o(.data)
    wifi_time_cnt                            0x2000021d   Data           1  wait_data_clock.o(.data)
    ServerIP                                 0x20000224   Data           4  wifi.o(.data)
    ServerIP2                                0x20000228   Data           4  wifi.o(.data)
    ServerPort                               0x2000022c   Data           4  wifi.o(.data)
    CMD_S                                    0x20000230   Data          10  wifi.o(.data)
    cmd_finish                               0x2000023c   Data           1  wifi_cmd_task.o(.data)
    skip_aim_flag                            0x2000023d   Data           1  wifi_cmd_task.o(.data)
    __microlib_freelist                      0x2000024c   Data           4  mvars.o(.data)
    __microlib_freelist_initialised          0x20000250   Data           4  mvars.o(.data)
    oledBuffer                               0x20000258   Data        1024  lcd.o(.bss)
    USART_RX_BUF                             0x20000a68   Data         200  usart.o(.bss)
    appConfig                                0x20000b3c   Data          12  appconfig.o(.bss)
    _GRAM                                    0x20000b91   Data          64  game3.o(.bss)
    menuData                                 0x20000bd4   Data          36  menu.o(.bss)
    vert                                     0x20000c01   Data          24  tunemaker.o(.bss)
    OLED_GRAM                                0x20000c19   Data         512  tunemaker.o(.bss)
    ScreenBuffer                             0x20000e19   Data        1024  oled_buffer.o(.bss)
    TempBuffer                               0x20001219   Data        1024  oled_buffer.o(.bss)
    string_buff                              0x20001619   Data         400  gui_log_console.o(.bss)
    firststr_buff                            0x200017a9   Data        1024  gui_log_console.o(.bss)
    Usart2_RxBuff                            0x20001bb0   Data        1024  usart2.o(.bss)
    USART2_TxBuff                            0x20001fb0   Data        1024  usart2.o(.bss)
    Data_buff                                0x200023b0   Data        1024  wifi.o(.bss)
    __heap_base                              0x200027b0   Data           0  startup_stm32f10x_md.o(HEAP)
    __heap_limit                             0x200029b0   Data           0  startup_stm32f10x_md.o(HEAP)
    __initial_sp                             0x20002db0   Data           0  startup_stm32f10x_md.o(STACK)



==============================================================================

Memory Map of the image

  Image Entry point : 0x080000ed

  Load Region LR_IROM1 (Base: 0x08000000, Size: 0x0000fc8c, Max: 0x00010000, ABSOLUTE, COMPRESSED[0x0000faac])

    Execution Region ER_IROM1 (Exec base: 0x08000000, Load base: 0x08000000, Size: 0x0000fa34, Max: 0x00010000, ABSOLUTE)

    Exec Addr    Load Addr    Size         Type   Attr      Idx    E Section Name        Object

    0x08000000   0x08000000   0x000000ec   Data   RO          718    RESET               startup_stm32f10x_md.o
    0x080000ec   0x080000ec   0x00000000   Code   RO         1691  * .ARM.Collect$$$$00000000  mc_w.l(entry.o)
    0x080000ec   0x080000ec   0x00000004   Code   RO         2099    .ARM.Collect$$$$00000001  mc_w.l(entry2.o)
    0x080000f0   0x080000f0   0x00000004   Code   RO         2102    .ARM.Collect$$$$00000004  mc_w.l(entry5.o)
    0x080000f4   0x080000f4   0x00000000   Code   RO         2104    .ARM.Collect$$$$00000008  mc_w.l(entry7b.o)
    0x080000f4   0x080000f4   0x00000000   Code   RO         2106    .ARM.Collect$$$$0000000A  mc_w.l(entry8b.o)
    0x080000f4   0x080000f4   0x00000008   Code   RO         2107    .ARM.Collect$$$$0000000B  mc_w.l(entry9a.o)
    0x080000fc   0x080000fc   0x00000000   Code   RO         2109    .ARM.Collect$$$$0000000D  mc_w.l(entry10a.o)
    0x080000fc   0x080000fc   0x00000000   Code   RO         2111    .ARM.Collect$$$$0000000F  mc_w.l(entry11a.o)
    0x080000fc   0x080000fc   0x00000004   Code   RO         2100    .ARM.Collect$$$$00002712  mc_w.l(entry2.o)
    0x08000100   0x08000100   0x000002e8   Code   RO            1    .text               main.o
    0x080003e8   0x080003e8   0x00000012   Code   RO          344    .text               stm32f10x_it.o
    0x080003fa   0x080003fa   0x00000002   PAD
    0x080003fc   0x080003fc   0x00000158   Code   RO          385    .text               system_stm32f10x.o
    0x08000554   0x08000554   0x00000100   Code   RO          403    .text               led.o
    0x08000654   0x08000654   0x0000007c   Code   RO          434    .text               lcd.o
    0x080006d0   0x080006d0   0x000001b0   Code   RO          492    .text               beep.o
    0x08000880   0x08000880   0x00001a18   Code   RO          528    .text               inv_mpu.o
    0x08002298   0x08002298   0x00000a4c   Code   RO          552    .text               inv_mpu_dmp_motion_driver.o
    0x08002ce4   0x08002ce4   0x000002cc   Code   RO          574    .text               mpu6050.o
    0x08002fb0   0x08002fb0   0x00000234   Code   RO          587    .text               mpuiic.o
    0x080031e4   0x080031e4   0x000002d4   Code   RO          600    .text               mpu_task.o
    0x080034b8   0x080034b8   0x00000098   Code   RO          651    .text               delay.o
    0x08003550   0x08003550   0x00000114   Code   RO          682    .text               usart.o
    0x08003664   0x08003664   0x00000024   Code   RO          719    .text               startup_stm32f10x_md.o
    0x08003688   0x08003688   0x00000264   Code   RO          723    .text               stm32f10x_gpio.o
    0x080038ec   0x080038ec   0x000002b8   Code   RO          735    .text               stm32f10x_rcc.o
    0x08003ba4   0x08003ba4   0x00000328   Code   RO          749    .text               stm32f10x_usart.o
    0x08003ecc   0x08003ecc   0x000000b0   Code   RO          761    .text               misc.o
    0x08003f7c   0x08003f7c   0x00000af0   Code   RO          773    .text               stm32f10x_tim.o
    0x08004a6c   0x08004a6c   0x00000278   Code   RO          822    .text               alarm.o
    0x08004ce4   0x08004ce4   0x00000404   Code   RO          837    .text               alarms.o
    0x080050e8   0x080050e8   0x000000c8   Code   RO          851    .text               animation.o
    0x080051b0   0x080051b0   0x00000024   Code   RO          865    .text               appconfig.o
    0x080051d4   0x080051d4   0x000001d0   Code   RO          884    .text               buttons.o
    0x080053a4   0x080053a4   0x00000168   Code   RO          899    .text               diag.o
    0x0800550c   0x0800550c   0x0000021c   Code   RO          913    .text               display.o
    0x08005728   0x08005728   0x0000020c   Code   RO          928    .text               draw.o
    0x08005934   0x08005934   0x000003d4   Code   RO          943    .text               game1.o
    0x08005d08   0x08005d08   0x00000424   Code   RO          959    .text               game2.o
    0x0800612c   0x0800612c   0x000003e8   Code   RO          975    .text               game3.o
    0x08006514   0x08006514   0x000000c4   Code   RO         1025    .text               games.o
    0x080065d8   0x080065d8   0x00000018   Code   RO         1039    .text               global.o
    0x080065f0   0x080065f0   0x0000021c   Code   RO         1051    .text               m_display.o
    0x0800680c   0x0800680c   0x00000188   Code   RO         1066    .text               m_main.o
    0x08006994   0x08006994   0x0000041c   Code   RO         1080    .text               menu.o
    0x08006db0   0x08006db0   0x000000f8   Code   RO         1102    .text               millis.o
    0x08006ea8   0x08006ea8   0x0000047c   Code   RO         1121    .text               normal.o
    0x08007324   0x08007324   0x00000100   Code   RO         1185    .text               settings.o
    0x08007424   0x08007424   0x000000e8   Code   RO         1199    .text               sleep.o
    0x0800750c   0x0800750c   0x0000015c   Code   RO         1213    .text               sound.o
    0x08007668   0x08007668   0x00000228   Code   RO         1227    .text               stopwatch.o
    0x08007890   0x08007890   0x000001d4   Code   RO         1241    .text               time.o
    0x08007a64   0x08007a64   0x0000044c   Code   RO         1262    .text               timedate.o
    0x08007eb0   0x08007eb0   0x000000b4   Code   RO         1276    .text               torch.o
    0x08007f64   0x08007f64   0x00000070   Code   RO         1290    .text               tune.o
    0x08007fd4   0x08007fd4   0x00000384   Code   RO         1304    .text               tunemaker.o
    0x08008358   0x08008358   0x0000001c   Code   RO         1341    .text               ui.o
    0x08008374   0x08008374   0x00000068   Code   RO         1353    .text               pwrmgr.o
    0x080083dc   0x080083dc   0x000004c4   Code   RO         1368    .text               oled_basic.o
    0x080088a0   0x080088a0   0x0000014c   Code   RO         1400    .text               oled_buffer.o
    0x080089ec   0x080089ec   0x0000001c   Code   RO         1420    .text               oled_color.o
    0x08008a08   0x08008a08   0x00000034   Code   RO         1434    .text               oled_config.o
    0x08008a3c   0x08008a3c   0x00000298   Code   RO         1498    .text               oled_driver.o
    0x08008cd4   0x08008cd4   0x00000244   Code   RO         1547    .text               gui_log_console.o
    0x08008f18   0x08008f18   0x00000160   Code   RO         1569    .text               usart2.o
    0x08009078   0x08009078   0x00000054   Code   RO         1590    .text               wait_data_clock.o
    0x080090cc   0x080090cc   0x00000708   Code   RO         1605    .text               wifi.o
    0x080097d4   0x080097d4   0x00000194   Code   RO         1627    .text               wifi_task.o
    0x08009968   0x08009968   0x000001b0   Code   RO         1641    .text               wifi_cmd_task.o
    0x08009b18   0x08009b18   0x00000062   Code   RO         1694    .text               mc_w.l(ldiv.o)
    0x08009b7a   0x08009b7a   0x00000002   PAD
    0x08009b7c   0x08009b7c   0x00000024   Code   RO         1696    .text               mc_w.l(rand.o)
    0x08009ba0   0x08009ba0   0x00000024   Code   RO         1699    .text               mc_w.l(memcpya.o)
    0x08009bc4   0x08009bc4   0x00000024   Code   RO         1701    .text               mc_w.l(memseta.o)
    0x08009be8   0x08009be8   0x00000018   Code   RO         1703    .text               mc_w.l(strcat.o)
    0x08009c00   0x08009c00   0x00000024   Code   RO         1705    .text               mc_w.l(strstr.o)
    0x08009c24   0x08009c24   0x0000000e   Code   RO         1707    .text               mc_w.l(strlen.o)
    0x08009c32   0x08009c32   0x0000001a   Code   RO         1709    .text               mc_w.l(memcmp.o)
    0x08009c4c   0x08009c4c   0x00000012   Code   RO         1711    .text               mc_w.l(strcpy.o)
    0x08009c5e   0x08009c5e   0x0000001c   Code   RO         2004    .text               mc_w.l(calloc.o)
    0x08009c7a   0x08009c7a   0x000000b0   Code   RO         2006    .text               mf_w.l(fadd.o)
    0x08009d2a   0x08009d2a   0x00000064   Code   RO         2008    .text               mf_w.l(fmul.o)
    0x08009d8e   0x08009d8e   0x0000007c   Code   RO         2010    .text               mf_w.l(fdiv.o)
    0x08009e0a   0x08009e0a   0x00000018   Code   RO         2012    .text               mf_w.l(fscalb.o)
    0x08009e22   0x08009e22   0x0000014e   Code   RO         2014    .text               mf_w.l(dadd.o)
    0x08009f70   0x08009f70   0x000000e4   Code   RO         2016    .text               mf_w.l(dmul.o)
    0x0800a054   0x0800a054   0x000000de   Code   RO         2018    .text               mf_w.l(ddiv.o)
    0x0800a132   0x0800a132   0x0000002e   Code   RO         2020    .text               mf_w.l(dscalb.o)
    0x0800a160   0x0800a160   0x00000012   Code   RO         2022    .text               mf_w.l(fflti.o)
    0x0800a172   0x0800a172   0x0000000a   Code   RO         2024    .text               mf_w.l(ffltui.o)
    0x0800a17c   0x0800a17c   0x00000022   Code   RO         2026    .text               mf_w.l(dflti.o)
    0x0800a19e   0x0800a19e   0x0000001a   Code   RO         2028    .text               mf_w.l(dfltui.o)
    0x0800a1b8   0x0800a1b8   0x00000032   Code   RO         2030    .text               mf_w.l(ffixi.o)
    0x0800a1ea   0x0800a1ea   0x00000028   Code   RO         2032    .text               mf_w.l(ffixui.o)
    0x0800a212   0x0800a212   0x0000003e   Code   RO         2034    .text               mf_w.l(dfixi.o)
    0x0800a250   0x0800a250   0x00000032   Code   RO         2036    .text               mf_w.l(dfixui.o)
    0x0800a282   0x0800a282   0x00000026   Code   RO         2038    .text               mf_w.l(f2d.o)
    0x0800a2a8   0x0800a2a8   0x00000030   Code   RO         2040    .text               mf_w.l(cdcmple.o)
    0x0800a2d8   0x0800a2d8   0x00000038   Code   RO         2042    .text               mf_w.l(d2f.o)
    0x0800a310   0x0800a310   0x00000014   Code   RO         2044    .text               mf_w.l(cfcmple.o)
    0x0800a324   0x0800a324   0x00000014   Code   RO         2046    .text               mf_w.l(cfrcmple.o)
    0x0800a338   0x0800a338   0x0000002c   Code   RO         2113    .text               mc_w.l(uidiv.o)
    0x0800a364   0x0800a364   0x00000062   Code   RO         2115    .text               mc_w.l(uldiv.o)
    0x0800a3c6   0x0800a3c6   0x0000001e   Code   RO         2117    .text               mc_w.l(llshl.o)
    0x0800a3e4   0x0800a3e4   0x00000020   Code   RO         2119    .text               mc_w.l(llushr.o)
    0x0800a404   0x0800a404   0x00000024   Code   RO         2121    .text               mc_w.l(llsshr.o)
    0x0800a428   0x0800a428   0x00000000   Code   RO         2132    .text               mc_w.l(iusefp.o)
    0x0800a428   0x0800a428   0x0000006e   Code   RO         2133    .text               mf_w.l(fepilogue.o)
    0x0800a496   0x0800a496   0x000000ba   Code   RO         2135    .text               mf_w.l(depilogue.o)
    0x0800a550   0x0800a550   0x00000030   Code   RO         2137    .text               mf_w.l(dfixul.o)
    0x0800a580   0x0800a580   0x00000030   Code   RO         2139    .text               mf_w.l(cdrcmple.o)
    0x0800a5b0   0x0800a5b0   0x00000024   Code   RO         2141    .text               mc_w.l(init.o)
    0x0800a5d4   0x0800a5d4   0x000000a2   Code   RO         2143    .text               mf_w.l(dsqrt.o)
    0x0800a676   0x0800a676   0x00000056   Code   RO         2153    .text               mc_w.l(__dczerorl2.o)
    0x0800a6cc   0x0800a6cc   0x00000020   Code   RO         1948    i.__0printf         mc_w.l(printfa.o)
    0x0800a6ec   0x0800a6ec   0x00000028   Code   RO         1950    i.__0sprintf        mc_w.l(printfa.o)
    0x0800a714   0x0800a714   0x00000024   Code   RO         1954    i.__0vsprintf       mc_w.l(printfa.o)
    0x0800a738   0x0800a738   0x00000028   Code   RO         2075    i.__ARM_fpclassify  m_ws.l(fpclassify.o)
    0x0800a760   0x0800a760   0x00000388   Code   RO         2080    i.__ieee754_rem_pio2  m_ws.l(rred.o)
    0x0800aae8   0x0800aae8   0x000000fc   Code   RO         2058    i.__kernel_cos      m_ws.l(cos_i.o)
    0x0800abe4   0x0800abe4   0x000000aa   Code   RO         2077    i.__kernel_poly     m_ws.l(poly.o)
    0x0800ac8e   0x0800ac8e   0x00000002   PAD
    0x0800ac90   0x0800ac90   0x000000ec   Code   RO         2085    i.__kernel_sin      m_ws.l(sin_i.o)
    0x0800ad7c   0x0800ad7c   0x00000006   Code   RO         2062    i.__mathlib_dbl_infnan  m_ws.l(dunder.o)
    0x0800ad82   0x0800ad82   0x00000004   Code   RO         2063    i.__mathlib_dbl_infnan2  m_ws.l(dunder.o)
    0x0800ad86   0x0800ad86   0x0000000c   Code   RO         2064    i.__mathlib_dbl_invalid  m_ws.l(dunder.o)
    0x0800ad92   0x0800ad92   0x00000002   PAD
    0x0800ad94   0x0800ad94   0x00000010   Code   RO         2067    i.__mathlib_dbl_underflow  m_ws.l(dunder.o)
    0x0800ada4   0x0800ada4   0x0000000e   Code   RO         2147    i.__scatterload_copy  mc_w.l(handlers.o)
    0x0800adb2   0x0800adb2   0x00000002   Code   RO         2148    i.__scatterload_null  mc_w.l(handlers.o)
    0x0800adb4   0x0800adb4   0x0000000e   Code   RO         2149    i.__scatterload_zeroinit  mc_w.l(handlers.o)
    0x0800adc2   0x0800adc2   0x00000002   PAD
    0x0800adc4   0x0800adc4   0x0000000c   Code   RO         2127    i.__set_errno       mc_w.l(errno.o)
    0x0800add0   0x0800add0   0x00000184   Code   RO         1955    i._fp_digits        mc_w.l(printfa.o)
    0x0800af54   0x0800af54   0x000006dc   Code   RO         1956    i._printf_core      mc_w.l(printfa.o)
    0x0800b630   0x0800b630   0x00000024   Code   RO         1957    i._printf_post_padding  mc_w.l(printfa.o)
    0x0800b654   0x0800b654   0x0000002e   Code   RO         1958    i._printf_pre_padding  mc_w.l(printfa.o)
    0x0800b682   0x0800b682   0x0000000a   Code   RO         1960    i._sputc            mc_w.l(printfa.o)
    0x0800b68c   0x0800b68c   0x00000270   Code   RO         1658    i.asin              m_ws.l(asin.o)
    0x0800b8fc   0x0800b8fc   0x00000220   Code   RO         2049    i.atan              m_ws.l(atan.o)
    0x0800bb1c   0x0800bb1c   0x00000180   Code   RO         1668    i.atan2             m_ws.l(atan2.o)
    0x0800bc9c   0x0800bc9c   0x0000009c   Code   RO         1676    i.cos               m_ws.l(cos.o)
    0x0800bd38   0x0800bd38   0x00000050   Code   RO         1976    i.free              mc_w.l(malloc.o)
    0x0800bd88   0x0800bd88   0x0000006c   Code   RO         1977    i.malloc            mc_w.l(malloc.o)
    0x0800bdf4   0x0800bdf4   0x000000a0   Code   RO         1684    i.sin               m_ws.l(sin.o)
    0x0800be94   0x0800be94   0x0000004c   Code   RO         2092    i.sqrt              m_ws.l(sqrt.o)
    0x0800bee0   0x0800bee0   0x000000ec   Data   RO            2    .constdata          main.o
    0x0800bfcc   0x0800bfcc   0x000003e8   Data   RO            3    .constdata          main.o
    0x0800c3b4   0x0800c3b4   0x0000001b   Data   RO          529    .constdata          inv_mpu.o
    0x0800c3cf   0x0800c3cf   0x00000001   PAD
    0x0800c3d0   0x0800c3d0   0x0000000c   Data   RO          530    .constdata          inv_mpu.o
    0x0800c3dc   0x0800c3dc   0x00000028   Data   RO          531    .constdata          inv_mpu.o
    0x0800c404   0x0800c404   0x00000bf6   Data   RO          554    .constdata          inv_mpu_dmp_motion_driver.o
    0x0800cffa   0x0800cffa   0x00000011   Data   RO          945    .constdata          game1.o
    0x0800d00b   0x0800d00b   0x00000026   Data   RO          961    .constdata          game2.o
    0x0800d031   0x0800d031   0x00000003   PAD
    0x0800d034   0x0800d034   0x00000030   Data   RO          977    .constdata          game3.o
    0x0800d064   0x0800d064   0x0000001e   Data   RO          978    .constdata          game3.o
    0x0800d082   0x0800d082   0x00000005   Data   RO         1082    .constdata          menu.o
    0x0800d087   0x0800d087   0x00000008   Data   RO         1134    .constdata          resources.o
    0x0800d08f   0x0800d08f   0x0000001c   Data   RO         1135    .constdata          resources.o
    0x0800d0ab   0x0800d0ab   0x00000030   Data   RO         1136    .constdata          resources.o
    0x0800d0db   0x0800d0db   0x00000007   Data   RO         1137    .constdata          resources.o
    0x0800d0e2   0x0800d0e2   0x00000008   Data   RO         1138    .constdata          resources.o
    0x0800d0ea   0x0800d0ea   0x00000080   Data   RO         1140    .constdata          resources.o
    0x0800d16a   0x0800d16a   0x00000080   Data   RO         1141    .constdata          resources.o
    0x0800d1ea   0x0800d1ea   0x00000080   Data   RO         1142    .constdata          resources.o
    0x0800d26a   0x0800d26a   0x00000080   Data   RO         1143    .constdata          resources.o
    0x0800d2ea   0x0800d2ea   0x00000080   Data   RO         1144    .constdata          resources.o
    0x0800d36a   0x0800d36a   0x00000200   Data   RO         1145    .constdata          resources.o
    0x0800d56a   0x0800d56a   0x00000100   Data   RO         1146    .constdata          resources.o
    0x0800d66a   0x0800d66a   0x00000080   Data   RO         1147    .constdata          resources.o
    0x0800d6ea   0x0800d6ea   0x00000100   Data   RO         1148    .constdata          resources.o
    0x0800d7ea   0x0800d7ea   0x00000200   Data   RO         1149    .constdata          resources.o
    0x0800d9ea   0x0800d9ea   0x00000080   Data   RO         1150    .constdata          resources.o
    0x0800da6a   0x0800da6a   0x00000080   Data   RO         1151    .constdata          resources.o
    0x0800daea   0x0800daea   0x00000080   Data   RO         1152    .constdata          resources.o
    0x0800db6a   0x0800db6a   0x00000010   Data   RO         1153    .constdata          resources.o
    0x0800db7a   0x0800db7a   0x00000010   Data   RO         1156    .constdata          resources.o
    0x0800db8a   0x0800db8a   0x00000008   Data   RO         1158    .constdata          resources.o
    0x0800db92   0x0800db92   0x000001e5   Data   RO         1159    .constdata          resources.o
    0x0800dd77   0x0800dd77   0x0000023a   Data   RO         1160    .constdata          resources.o
    0x0800dfb1   0x0800dfb1   0x000000dc   Data   RO         1161    .constdata          resources.o
    0x0800e08d   0x0800e08d   0x00000012   Data   RO         1162    .constdata          resources.o
    0x0800e09f   0x0800e09f   0x00000024   Data   RO         1163    .constdata          resources.o
    0x0800e0c3   0x0800e0c3   0x00000024   Data   RO         1164    .constdata          resources.o
    0x0800e0e7   0x0800e0e7   0x00000080   Data   RO         1165    .constdata          resources.o
    0x0800e167   0x0800e167   0x00000080   Data   RO         1166    .constdata          resources.o
    0x0800e1e7   0x0800e1e7   0x00000080   Data   RO         1167    .constdata          resources.o
    0x0800e267   0x0800e267   0x00000080   Data   RO         1168    .constdata          resources.o
    0x0800e2e7   0x0800e2e7   0x00000080   Data   RO         1169    .constdata          resources.o
    0x0800e367   0x0800e367   0x00000080   Data   RO         1170    .constdata          resources.o
    0x0800e3e7   0x0800e3e7   0x00000080   Data   RO         1171    .constdata          resources.o
    0x0800e467   0x0800e467   0x00000080   Data   RO         1172    .constdata          resources.o
    0x0800e4e7   0x0800e4e7   0x0000000c   Data   RO         1243    .constdata          time.o
    0x0800e4f3   0x0800e4f3   0x00000001   PAD
    0x0800e4f4   0x0800e4f4   0x00001140   Data   RO         1306    .constdata          tunemaker.o
    0x0800f634   0x0800f634   0x00000010   Data   RO         1327    .constdata          tunes.o
    0x0800f644   0x0800f644   0x00000010   Data   RO         1328    .constdata          tunes.o
    0x0800f654   0x0800f654   0x00000010   Data   RO         1329    .constdata          tunes.o
    0x0800f664   0x0800f664   0x00000004   PAD
    0x0800f668   0x0800f668   0x00000050   Data   RO         1659    .constdata          m_ws.l(asin.o)
    0x0800f6b8   0x0800f6b8   0x00000098   Data   RO         2050    .constdata          m_ws.l(atan.o)
    0x0800f750   0x0800f750   0x00000030   Data   RO         2059    .constdata          m_ws.l(cos_i.o)
    0x0800f780   0x0800f780   0x00000008   Data   RO         2079    .constdata          m_ws.l(qnan.o)
    0x0800f788   0x0800f788   0x000000c8   Data   RO         2082    .constdata          m_ws.l(rred.o)
    0x0800f850   0x0800f850   0x00000028   Data   RO         2086    .constdata          m_ws.l(sin_i.o)
    0x0800f878   0x0800f878   0x00000041   Data   RO            4    .conststring        main.o
    0x0800f8b9   0x0800f8b9   0x00000003   PAD
    0x0800f8bc   0x0800f8bc   0x0000004d   Data   RO          532    .conststring        inv_mpu.o
    0x0800f909   0x0800f909   0x00000003   PAD
    0x0800f90c   0x0800f90c   0x00000106   Data   RO         1607    .conststring        wifi.o
    0x0800fa12   0x0800fa12   0x00000002   PAD
    0x0800fa14   0x0800fa14   0x00000020   Data   RO         2145    Region$$Table       anon$$obj.o


    Execution Region RW_IRAM1 (Exec base: 0x20000000, Load base: 0x0800fa34, Size: 0x00002db0, Max: 0x00005000, ABSOLUTE, COMPRESSED[0x00000078])

    Exec Addr    Load Addr    Size         Type   Attr      Idx    E Section Name        Object

    0x20000000   COMPRESSED   0x00000014   Data   RW          386    .data               system_stm32f10x.o
    0x20000014   COMPRESSED   0x00000010   Data   RW          404    .data               led.o
    0x20000024   COMPRESSED   0x0000000c   Data   RW          493    .data               beep.o
    0x20000030   COMPRESSED   0x00000035   Data   RW          533    .data               inv_mpu.o
    0x20000065   COMPRESSED   0x00000003   PAD
    0x20000068   COMPRESSED   0x00000018   Data   RW          602    .data               mpu_task.o
    0x20000080   COMPRESSED   0x00000004   Data   RW          652    .data               delay.o
    0x20000084   COMPRESSED   0x00000002   Data   RW          684    .data               usart.o
    0x20000086   COMPRESSED   0x00000002   PAD
    0x20000088   COMPRESSED   0x00000004   Data   RW          685    .data               usart.o
    0x2000008c   COMPRESSED   0x00000014   Data   RW          736    .data               stm32f10x_rcc.o
    0x200000a0   COMPRESSED   0x00000032   Data   RW          823    .data               alarm.o
    0x200000d2   COMPRESSED   0x00000002   PAD
    0x200000d4   COMPRESSED   0x00000010   Data   RW          838    .data               alarms.o
    0x200000e4   COMPRESSED   0x00000004   Data   RW          886    .data               buttons.o
    0x200000e8   COMPRESSED   0x00000008   Data   RW          900    .data               diag.o
    0x200000f0   COMPRESSED   0x00000016   Data   RW          914    .data               display.o
    0x20000106   COMPRESSED   0x00000002   PAD
    0x20000108   COMPRESSED   0x0000000c   Data   RW          946    .data               game1.o
    0x20000114   COMPRESSED   0x00000014   Data   RW          962    .data               game2.o
    0x20000128   COMPRESSED   0x00000028   Data   RW          979    .data               game3.o
    0x20000150   COMPRESSED   0x00000008   Data   RW         1026    .data               games.o
    0x20000158   COMPRESSED   0x00000008   Data   RW         1052    .data               m_display.o
    0x20000160   COMPRESSED   0x00000008   Data   RW         1067    .data               m_main.o
    0x20000168   COMPRESSED   0x00000008   Data   RW         1083    .data               menu.o
    0x20000170   COMPRESSED   0x00000002   Data   RW         1084    .data               menu.o
    0x20000172   COMPRESSED   0x00000002   PAD
    0x20000174   COMPRESSED   0x00000004   Data   RW         1103    .data               millis.o
    0x20000178   COMPRESSED   0x0000000d   Data   RW         1122    .data               normal.o
    0x20000185   COMPRESSED   0x00000003   PAD
    0x20000188   COMPRESSED   0x00000008   Data   RW         1186    .data               settings.o
    0x20000190   COMPRESSED   0x00000008   Data   RW         1200    .data               sleep.o
    0x20000198   COMPRESSED   0x00000008   Data   RW         1214    .data               sound.o
    0x200001a0   COMPRESSED   0x0000000c   Data   RW         1228    .data               stopwatch.o
    0x200001ac   COMPRESSED   0x00000009   Data   RW         1244    .data               time.o
    0x200001b5   COMPRESSED   0x00000003   PAD
    0x200001b8   COMPRESSED   0x00000014   Data   RW         1263    .data               timedate.o
    0x200001cc   COMPRESSED   0x00000008   Data   RW         1277    .data               torch.o
    0x200001d4   COMPRESSED   0x00000008   Data   RW         1291    .data               tune.o
    0x200001dc   COMPRESSED   0x00000010   Data   RW         1307    .data               tunemaker.o
    0x200001ec   COMPRESSED   0x00000003   Data   RW         1354    .data               pwrmgr.o
    0x200001ef   COMPRESSED   0x00000001   PAD
    0x200001f0   COMPRESSED   0x00000018   Data   RW         1369    .data               oled_basic.o
    0x20000208   COMPRESSED   0x00000001   Data   RW         1402    .data               oled_buffer.o
    0x20000209   COMPRESSED   0x00000002   Data   RW         1421    .data               oled_color.o
    0x2000020b   COMPRESSED   0x00000001   PAD
    0x2000020c   COMPRESSED   0x00000004   Data   RW         1435    .data               oled_config.o
    0x20000210   COMPRESSED   0x00000005   Data   RW         1550    .data               gui_log_console.o
    0x20000215   COMPRESSED   0x00000001   Data   RW         1571    .data               usart2.o
    0x20000216   COMPRESSED   0x00000002   PAD
    0x20000218   COMPRESSED   0x00000004   Data   RW         1572    .data               usart2.o
    0x2000021c   COMPRESSED   0x00000002   Data   RW         1591    .data               wait_data_clock.o
    0x2000021e   COMPRESSED   0x00000002   PAD
    0x20000220   COMPRESSED   0x0000001a   Data   RW         1608    .data               wifi.o
    0x2000023a   COMPRESSED   0x00000002   PAD
    0x2000023c   COMPRESSED   0x0000000c   Data   RW         1642    .data               wifi_cmd_task.o
    0x20000248   COMPRESSED   0x00000004   Data   RW         1697    .data               mc_w.l(rand.o)
    0x2000024c   COMPRESSED   0x00000004   Data   RW         2123    .data               mc_w.l(mvars.o)
    0x20000250   COMPRESSED   0x00000004   Data   RW         2124    .data               mc_w.l(mvars.o)
    0x20000254   COMPRESSED   0x00000004   Data   RW         2128    .data               mc_w.l(errno.o)
    0x20000258        -       0x00000400   Zero   RW          435    .bss                lcd.o
    0x20000658        -       0x00000010   Zero   RW          553    .bss                inv_mpu_dmp_motion_driver.o
    0x20000668        -       0x00000400   Zero   RW          601    .bss                mpu_task.o
    0x20000a68        -       0x000000c8   Zero   RW          683    .bss                usart.o
    0x20000b30        -       0x0000000c   Zero   RW          852    .bss                animation.o
    0x20000b3c        -       0x0000000c   Zero   RW          866    .bss                appconfig.o
    0x20000b48        -       0x00000030   Zero   RW          885    .bss                buttons.o
    0x20000b78        -       0x00000010   Zero   RW          944    .bss                game1.o
    0x20000b88        -       0x00000009   Zero   RW          960    .bss                game2.o
    0x20000b91        -       0x00000040   Zero   RW          976    .bss                game3.o
    0x20000bd1   COMPRESSED   0x00000003   PAD
    0x20000bd4        -       0x00000024   Zero   RW         1081    .bss                menu.o
    0x20000bf8        -       0x00000009   Zero   RW         1242    .bss                time.o
    0x20000c01        -       0x00000218   Zero   RW         1305    .bss                tunemaker.o
    0x20000e19        -       0x00000800   Zero   RW         1401    .bss                oled_buffer.o
    0x20001619        -       0x00000590   Zero   RW         1548    .bss                gui_log_console.o
    0x20001ba9   COMPRESSED   0x00000007   PAD
    0x20001bb0        -       0x00000800   Zero   RW         1570    .bss                usart2.o
    0x200023b0        -       0x00000400   Zero   RW         1606    .bss                wifi.o
    0x200027b0        -       0x00000200   Zero   RW          717    HEAP                startup_stm32f10x_md.o
    0x200029b0        -       0x00000400   Zero   RW          716    STACK               startup_stm32f10x_md.o


==============================================================================

Image component sizes


      Code (inc. data)   RO Data    RW Data    ZI Data      Debug   Object Name

       632         32          0         50          0       3867   alarm.o
      1028        118          0         16          0       3858   alarms.o
       200         10          0          0         12       1688   animation.o
        36          4          0          0         12       1322   appconfig.o
       432         16          0         12          0       2529   beep.o
       464         38          0          4         48       3454   buttons.o
       152         14          0          4          0       1047   delay.o
       360        142          0          8          0       1700   diag.o
       540         18          0         22          0       3276   display.o
       524         10          0          0          0       4192   draw.o
       980         82         17         12         16       3133   game1.o
      1060         92         38         20          9       3234   game2.o
      1000        112         78         40         64       5857   game3.o
       196         84          0          8          0       1253   games.o
        24          0          0          0          0        852   global.o
       580         24          0          5       1424       3611   gui_log_console.o
      6680        180        156         53          0      24631   inv_mpu.o
      2636        118       3062          0         16      15241   inv_mpu_dmp_motion_driver.o
       124         10          0          0       1024       2577   lcd.o
       256         26          0         16          0       3348   led.o
       540        156          0          8          0       2456   m_display.o
       392        186          0          8          0       1428   m_main.o
       744        296       1301          0          0     256411   main.o
      1052         54          5         10         36       7348   menu.o
       248         34          0          4          0       1112   millis.o
       176         14          0          0          0       1857   misc.o
       716         26          0          0          0       4225   mpu6050.o
       724         72          0         24       1024       5797   mpu_task.o
       564          8          0          0          0       2876   mpuiic.o
      1148         96          0         13          0       3415   normal.o
      1220         26          0         24          0       7540   oled_basic.o
       332         14          0          1       2048       3452   oled_buffer.o
        28          4          0          2          0       1066   oled_color.o
        52         12          0          4          0       1045   oled_config.o
         0          0          0          0          0        572   oled_debug.o
       664         10          0          0          0       2071   oled_driver.o
       104          4          0          3          0       1668   pwrmgr.o
         0          0       5216          0          0       2501   resources.o
       256        124          0          8          0        904   settings.o
       232         70          0          8          0       1549   sleep.o
       348         88          0          8          0       1993   sound.o
        36          8        236          0       1536        768   startup_stm32f10x_md.o
       612         36          0          0          0       5989   stm32f10x_gpio.o
        18          0          0          0          0       1138   stm32f10x_it.o
       696         32          0         20          0       8948   stm32f10x_rcc.o
      2800         84          0          0          0      23922   stm32f10x_tim.o
       808         22          0          0          0       8852   stm32f10x_usart.o
       552         52          0         12          0       2159   stopwatch.o
         0          0          0          0          0         32   sys.o
       344         34          0         20          0       1719   system_stm32f10x.o
       468         36         12          9          9       3747   time.o
      1100        172          0         20          0       4236   timedate.o
       180         24          0          8          0       1145   torch.o
       112          8          0          8          0       1414   tune.o
       900         80       4416         16        536       3634   tunemaker.o
         0          0         48          0          0        791   tunes.o
        28          4          0          0          0        446   ui.o
       276         16          0          6        200       3174   usart.o
       352         28          0          5       2048       2273   usart2.o
        84         20          0          2          0        783   wait_data_clock.o
      1800        526        262         26       1024       4155   wifi.o
       432        154          0         12          0       2441   wifi_cmd_task.o
       404        128          0          0          0       1109   wifi_task.o

    ----------------------------------------------------------------------
     39448       3888      14896        584      11096     484831   Object Totals
         0          0         32          0          0          0   (incl. Generated)
         2          0         17         25         10          0   (incl. Padding)

    ----------------------------------------------------------------------

      Code (inc. data)   RO Data    RW Data    ZI Data      Debug   Library Member Name

       624         52         80          0          0        168   asin.o
       544         70        152          0          0        124   atan.o
       384         38          0          0          0        144   atan2.o
       156          8          0          0          0        104   cos.o
       252         22         48          0          0        124   cos_i.o
        38          6          0          0          0        272   dunder.o
        40          0          0          0          0         68   fpclassify.o
       170          0          0          0          0         96   poly.o
         0          0          8          0          0          0   qnan.o
       904         76        200          0          0        140   rred.o
       160         10          0          0          0        108   sin.o
       236         12         40          0          0        128   sin_i.o
        76          0          0          0          0         84   sqrt.o
        86          0          0          0          0          0   __dczerorl2.o
        28          0          0          0          0         76   calloc.o
         0          0          0          0          0          0   entry.o
         0          0          0          0          0          0   entry10a.o
         0          0          0          0          0          0   entry11a.o
         8          4          0          0          0          0   entry2.o
         4          0          0          0          0          0   entry5.o
         0          0          0          0          0          0   entry7b.o
         0          0          0          0          0          0   entry8b.o
         8          4          0          0          0          0   entry9a.o
        12          6          0          4          0         68   errno.o
        30          0          0          0          0          0   handlers.o
        36          8          0          0          0         68   init.o
         0          0          0          0          0          0   iusefp.o
        98          0          0          0          0         84   ldiv.o
        30          0          0          0          0         68   llshl.o
        36          0          0          0          0         68   llsshr.o
        32          0          0          0          0         68   llushr.o
       188         20          0          0          0        160   malloc.o
        26          0          0          0          0         80   memcmp.o
        36          0          0          0          0         68   memcpya.o
        36          0          0          0          0        108   memseta.o
         0          0          0          8          0          0   mvars.o
      2344        102          0          0          0        684   printfa.o
        36         10          0          4          0        136   rand.o
        24          0          0          0          0         68   strcat.o
        18          0          0          0          0         68   strcpy.o
        14          0          0          0          0         68   strlen.o
        36          0          0          0          0         80   strstr.o
        44          0          0          0          0         80   uidiv.o
        98          0          0          0          0         92   uldiv.o
        48          0          0          0          0         68   cdcmple.o
        48          0          0          0          0         68   cdrcmple.o
        20          0          0          0          0         68   cfcmple.o
        20          0          0          0          0         68   cfrcmple.o
        56          0          0          0          0         88   d2f.o
       334          0          0          0          0        148   dadd.o
       222          0          0          0          0        100   ddiv.o
       186          0          0          0          0        176   depilogue.o
        62          0          0          0          0         80   dfixi.o
        50          0          0          0          0         76   dfixui.o
        48          0          0          0          0         68   dfixul.o
        34          0          0          0          0         76   dflti.o
        26          0          0          0          0         76   dfltui.o
       228          0          0          0          0         96   dmul.o
        46          0          0          0          0         80   dscalb.o
       162          0          0          0          0        100   dsqrt.o
        38          0          0          0          0         68   f2d.o
       176          0          0          0          0        140   fadd.o
       124          0          0          0          0         88   fdiv.o
       110          0          0          0          0        168   fepilogue.o
        50          0          0          0          0         68   ffixi.o
        40          0          0          0          0         68   ffixui.o
        18          0          0          0          0         68   fflti.o
        10          0          0          0          0         68   ffltui.o
       100          0          0          0          0         76   fmul.o
        24          0          0          0          0         68   fscalb.o

    ----------------------------------------------------------------------
      9180        448        528         16          0       6068   Library Totals
         8          0          0          0          0          0   (incl. Padding)

    ----------------------------------------------------------------------

      Code (inc. data)   RO Data    RW Data    ZI Data      Debug   Library Name

      3584        294        528          0          0       1560   m_ws.l
      3308        154          0         16          0       2192   mc_w.l
      2280          0          0          0          0       2316   mf_w.l

    ----------------------------------------------------------------------
      9180        448        528         16          0       6068   Library Totals

    ----------------------------------------------------------------------

==============================================================================


      Code (inc. data)   RO Data    RW Data    ZI Data      Debug   

     48628       4336      15424        600      11096     481147   Grand Totals
     48628       4336      15424        120      11096     481147   ELF Image Totals (compressed)
     48628       4336      15424        120          0          0   ROM Totals

==============================================================================

    Total RO  Size (Code + RO Data)                64052 (  62.55kB)
    Total RW  Size (RW Data + ZI Data)             11696 (  11.42kB)
    Total ROM Size (Code + RO Data + RW Data)      64172 (  62.67kB)

==============================================================================

